Component: ARM Compiler 5.05 update 1 (build 106) Tool: armlink [4d0efa]

==============================================================================

Section Cross References

    main.o(.text) refers to ff.o(.text) for f_open
    main.o(.text) refers to printf5.o(i.__0printf$5) for __2printf
    main.o(.text) refers to atoi.o(.text) for atoi
    main.o(.text) refers to rtc.o(.text) for RTC_Set_Date
    main.o(.text) refers to init_xiaojia.o(.text) for MY_init
    main.o(.text) refers to timer.o(.text) for TIM2_Int_Init
    main.o(.text) refers to stm32f4xx_tim.o(.text) for TIM_Cmd
    main.o(.text) refers to ringbuffer.o(.text) for xl_ringbuffer_get
    main.o(.text) refers to init_xiaojia.o(.bss) for get_time_filename
    main.o(.text) refers to init_xiaojia.o(.data) for MY_bw
    main.o(.text) refers to main.o(.data) for RTCtime
    main.o(.text) refers to dma.o(.data) for DMAITFlag
    main.o(.text) refers to usart.o(.bss) for uart1RxRingBuf
    main.o(.text) refers to ff.o(.text) for f_open
    main.o(.text) refers to printf5.o(i.__0printf$5) for __2printf
    main.o(.text) refers to atoi.o(.text) for atoi
    main.o(.text) refers to init_xiaojia.o(.text) for USART1_Init
    main.o(.text) refers to init_xiaojia.o(.bss) for fl
    system_stm32f4xx.o(.text) refers to system_stm32f4xx.o(.data) for SystemCoreClock
    doubleringbuffer_xiaojia.o(.text) refers to doubleringbuffer_xiaojia.o(.bss) for RingBuff
    doubleringbuffer_xiaojia.o(.text) refers to doubleringbuffer_xiaojia.o(.data) for Rprb
    doubleringbuffer_xiaojia.o(.text) refers to doubleringbuffer_xiaojia.o(.data) for truedata
    doubleringbuffer_xiaojia.o(.text) refers to doubleringbuffer_xiaojia.o(.bss) for RingBuff
    doubleringbuffer_xiaojia.o(.text) refers to doubleringbuffer_xiaojia.o(.data) for truedata
    doubleringbuffer_xiaojia.o(.text) refers to doubleringbuffer_xiaojia.o(.bss) for RingBuff
    init_xiaojia.o(.text) refers to stm32f4xx_rcc.o(.text) for RCC_APB2PeriphClockCmd
    init_xiaojia.o(.text) refers to stm32f4xx_gpio.o(.text) for GPIO_PinAFConfig
    init_xiaojia.o(.text) refers to stm32f4xx_usart.o(.text) for USART_Init
    init_xiaojia.o(.text) refers to misc.o(.text) for NVIC_Init
    init_xiaojia.o(.text) refers to ringbuffer.o(.text) for xl_ringbuffer_init
    init_xiaojia.o(.text) refers to dma.o(.text) for MYDMA_Init
    init_xiaojia.o(.text) refers to delay.o(.text) for delay_init
    init_xiaojia.o(.text) refers to led.o(.text) for LED_Init
    init_xiaojia.o(.text) refers to malloc.o(.text) for my_mem_init
    init_xiaojia.o(.text) refers to rtc.o(.text) for My_RTC_Init
    init_xiaojia.o(.text) refers to sdio_sdcard.o(.text) for SD_Init
    init_xiaojia.o(.text) refers to exfuns.o(.text) for exfuns_init
    init_xiaojia.o(.text) refers to ff.o(.text) for f_mount
    init_xiaojia.o(.text) refers to stm32f4xx_rtc.o(.text) for RTC_GetTime
    init_xiaojia.o(.text) refers to printf5.o(i.__0sprintf$5) for __2sprintf
    init_xiaojia.o(.text) refers to usart.o(.bss) for uart1Rx_buf
    init_xiaojia.o(.text) refers to exfuns.o(.data) for fs
    init_xiaojia.o(.text) refers to init_xiaojia.o(.data) for RTC_TimeStruct
    init_xiaojia.o(.text) refers to init_xiaojia.o(.bss) for get_time_filename
    init_xiaojia.o(.text) refers to main.o(.data) for ft
    ringbuffer.o(.text) refers to memcpya.o(.text) for __aeabi_memcpy
    ringbuffer.o(.text) refers to ringbuffer.o(.text) for xl_ringbuffer_data_len
    ringbuffer.o(.text) refers to memcpya.o(.text) for __aeabi_memcpy
    ringbuffer.o(.text) refers to ringbuffer.o(.text) for xl_ringbuffer_data_len
    ringbuffer.o(.text) refers to memcpya.o(.text) for __aeabi_memcpy
    ringbuffer.o(.text) refers to ringbuffer.o(.text) for xl_ringbuffer_data_len
    ringbuffer.o(.text) refers to ringbuffer.o(.text) for xl_ringbuffer_status
    ringbuffer.o(.text) refers to ringbuffer.o(.text) for xl_ringbuffer_data_len
    led.o(.text) refers to stm32f4xx_rcc.o(.text) for RCC_AHB1PeriphClockCmd
    led.o(.text) refers to stm32f4xx_gpio.o(.text) for GPIO_Init
    lcd.o(.text) refers to lcd.o(.text) for LCD_WR_REG
    lcd.o(.text) refers to delay.o(.text) for delay_us
    lcd.o(.text) refers to lcd.o(.text) for LCD_RD_DATA
    lcd.o(.text) refers to lcd.o(.bss) for lcddev
    lcd.o(.text) refers to lcd.o(.text) for LCD_WR_REG
    lcd.o(.text) refers to lcd.o(.text) for LCD_WR_DATA
    lcd.o(.text) refers to lcd.o(.text) for LCD_WriteReg
    lcd.o(.text) refers to lcd.o(.bss) for lcddev
    lcd.o(.text) refers to lcd.o(.text) for LCD_SetCursor
    lcd.o(.text) refers to lcd.o(.text) for LCD_WR_REG
    lcd.o(.text) refers to lcd.o(.text) for opt_delay
    lcd.o(.text) refers to lcd.o(.text) for LCD_RD_DATA
    lcd.o(.text) refers to lcd.o(.text) for LCD_BGR2RGB
    lcd.o(.text) refers to lcd.o(.bss) for lcddev
    lcd.o(.text) refers to lcd.o(.text) for LCD_WR_REG
    lcd.o(.text) refers to lcd.o(.text) for LCD_WriteReg
    lcd.o(.text) refers to lcd.o(.bss) for lcddev
[...]
    Removing stm32f4xx_tim.o(.text), (24 bytes).
    Removing stm32f4xx_tim.o(.text), (24 bytes).
    Removing stm32f4xx_tim.o(.text), (24 bytes).
    Removing stm32f4xx_tim.o(.text), (18 bytes).
    Removing stm32f4xx_tim.o(.text), (18 bytes).
    Removing stm32f4xx_tim.o(.text), (124 bytes).
    Removing stm32f4xx_tim.o(.text), (164 bytes).
    Removing stm32f4xx_tim.o(.text), (160 bytes).
    Removing stm32f4xx_tim.o(.text), (120 bytes).
    Removing stm32f4xx_tim.o(.text), (20 bytes).
    Removing stm32f4xx_tim.o(.text), (86 bytes).
    Removing stm32f4xx_tim.o(.text), (4 bytes).
    Removing stm32f4xx_tim.o(.text), (4 bytes).
    Removing stm32f4xx_tim.o(.text), (4 bytes).
    Removing stm32f4xx_tim.o(.text), (4 bytes).
    Removing stm32f4xx_tim.o(.text), (18 bytes).
    Removing stm32f4xx_tim.o(.text), (26 bytes).
    Removing stm32f4xx_tim.o(.text), (18 bytes).
    Removing stm32f4xx_tim.o(.text), (26 bytes).
    Removing stm32f4xx_tim.o(.text), (18 bytes).
    Removing stm32f4xx_tim.o(.text), (26 bytes).
    Removing stm32f4xx_tim.o(.text), (18 bytes).
    Removing stm32f4xx_tim.o(.text), (26 bytes).
    Removing stm32f4xx_tim.o(.text), (18 bytes).
    Removing stm32f4xx_tim.o(.text), (26 bytes).
    Removing stm32f4xx_tim.o(.text), (18 bytes).
    Removing stm32f4xx_tim.o(.text), (26 bytes).
    Removing stm32f4xx_tim.o(.text), (18 bytes).
    Removing stm32f4xx_tim.o(.text), (24 bytes).
    Removing stm32f4xx_tim.o(.text), (18 bytes).
    Removing stm32f4xx_tim.o(.text), (24 bytes).
    Removing stm32f4xx_tim.o(.text), (18 bytes).
    Removing stm32f4xx_tim.o(.text), (18 bytes).
    Removing stm32f4xx_tim.o(.text), (26 bytes).
    Removing stm32f4xx_tim.o(.text), (26 bytes).
    Removing stm32f4xx_tim.o(.text), (26 bytes).
    Removing stm32f4xx_tim.o(.text), (26 bytes).
    Removing stm32f4xx_tim.o(.text), (26 bytes).
    Removing stm32f4xx_tim.o(.text), (30 bytes).
    Removing stm32f4xx_tim.o(.text), (30 bytes).
    Removing stm32f4xx_tim.o(.text), (26 bytes).
    Removing stm32f4xx_tim.o(.text), (18 bytes).
    Removing stm32f4xx_tim.o(.text), (26 bytes).
    Removing stm32f4xx_tim.o(.text), (18 bytes).
    Removing stm32f4xx_tim.o(.text), (110 bytes).
    Removing stm32f4xx_tim.o(.text), (18 bytes).
    Removing stm32f4xx_tim.o(.text), (124 bytes).
    Removing stm32f4xx_tim.o(.text), (6 bytes).
    Removing stm32f4xx_tim.o(.text), (6 bytes).
    Removing stm32f4xx_tim.o(.text), (6 bytes).
    Removing stm32f4xx_tim.o(.text), (6 bytes).
    Removing stm32f4xx_tim.o(.text), (32 bytes).
    Removing stm32f4xx_tim.o(.text), (18 bytes).
    Removing stm32f4xx_tim.o(.text), (30 bytes).
    Removing stm32f4xx_tim.o(.text), (24 bytes).
    Removing stm32f4xx_tim.o(.text), (24 bytes).
    Removing stm32f4xx_tim.o(.text), (4 bytes).
    Removing stm32f4xx_tim.o(.text), (18 bytes).
    Removing stm32f4xx_tim.o(.text), (6 bytes).
    Removing stm32f4xx_tim.o(.text), (10 bytes).
    Removing stm32f4xx_tim.o(.text), (18 bytes).
    Removing stm32f4xx_tim.o(.text), (24 bytes).
    Removing stm32f4xx_tim.o(.text), (12 bytes).
    Removing stm32f4xx_tim.o(.text), (18 bytes).
    Removing stm32f4xx_tim.o(.text), (24 bytes).
    Removing stm32f4xx_tim.o(.text), (62 bytes).
    Removing stm32f4xx_tim.o(.text), (28 bytes).
    Removing stm32f4xx_tim.o(.text), (54 bytes).
    Removing stm32f4xx_tim.o(.text), (32 bytes).
    Removing stm32f4xx_tim.o(.text), (18 bytes).
    Removing stm32f4xx_tim.o(.text), (18 bytes).
    Removing stm32f4xx_tim.o(.text), (18 bytes).
    Removing stm32f4xx_tim.o(.text), (66 bytes).
    Removing stm32f4xx_tim.o(.text), (24 bytes).
    Removing stm32f4xx_tim.o(.text), (6 bytes).
    Removing stm32f4xx_spi.o(.rev16_text), (4 bytes).
    Removing stm32f4xx_spi.o(.revsh_text), (4 bytes).
    Removing stm32f4xx_spi.o(.text), (176 bytes).
    Removing stm32f4xx_spi.o(.text), (60 bytes).
    Removing stm32f4xx_spi.o(.text), (408 bytes).
    Removing stm32f4xx_spi.o(.text), (24 bytes).
    Removing stm32f4xx_spi.o(.text), (20 bytes).
    Removing stm32f4xx_spi.o(.text), (24 bytes).
    Removing stm32f4xx_spi.o(.text), (24 bytes).
    Removing stm32f4xx_spi.o(.text), (18 bytes).
    Removing stm32f4xx_spi.o(.text), (28 bytes).
    Removing stm32f4xx_spi.o(.text), (30 bytes).
    Removing stm32f4xx_spi.o(.text), (24 bytes).
    Removing stm32f4xx_spi.o(.text), (24 bytes).
    Removing stm32f4xx_spi.o(.text), (80 bytes).
    Removing stm32f4xx_spi.o(.text), (6 bytes).
    Removing stm32f4xx_spi.o(.text), (4 bytes).
    Removing stm32f4xx_spi.o(.text), (24 bytes).
    Removing stm32f4xx_spi.o(.text), (10 bytes).
    Removing stm32f4xx_spi.o(.text), (16 bytes).
    Removing stm32f4xx_spi.o(.text), (6 bytes).
    Removing stm32f4xx_spi.o(.text), (18 bytes).
    Removing stm32f4xx_spi.o(.text), (32 bytes).
    Removing stm32f4xx_spi.o(.text), (18 bytes).
    Removing stm32f4xx_spi.o(.text), (6 bytes).
    Removing stm32f4xx_spi.o(.text), (52 bytes).
    Removing stm32f4xx_spi.o(.text), (20 bytes).
    Removing stm32f4xx_exti.o(.rev16_text), (4 bytes).
    Removing stm32f4xx_exti.o(.revsh_text), (4 bytes).
    Removing stm32f4xx_exti.o(.text), (36 bytes).
    Removing stm32f4xx_exti.o(.text), (148 bytes).
    Removing stm32f4xx_exti.o(.text), (16 bytes).
    Removing stm32f4xx_exti.o(.text), (16 bytes).
    Removing stm32f4xx_exti.o(.text), (24 bytes).
    Removing stm32f4xx_exti.o(.text), (12 bytes).
    Removing stm32f4xx_exti.o(.text), (24 bytes).
    Removing stm32f4xx_exti.o(.text), (12 bytes).
    Removing stm32f4xx_pwr.o(.rev16_text), (4 bytes).
    Removing stm32f4xx_pwr.o(.revsh_text), (4 bytes).
    Removing stm32f4xx_pwr.o(.text), (22 bytes).
    Removing stm32f4xx_pwr.o(.text), (24 bytes).
    Removing stm32f4xx_pwr.o(.text), (12 bytes).
    Removing stm32f4xx_pwr.o(.text), (12 bytes).
    Removing stm32f4xx_pwr.o(.text), (12 bytes).
    Removing stm32f4xx_pwr.o(.text), (24 bytes).
    Removing stm32f4xx_pwr.o(.text), (12 bytes).
    Removing stm32f4xx_pwr.o(.text), (12 bytes).
    Removing stm32f4xx_pwr.o(.text), (36 bytes).
    Removing stm32f4xx_pwr.o(.text), (24 bytes).
    Removing stm32f4xx_pwr.o(.text), (24 bytes).
    Removing stm32f4xx_pwr.o(.text), (12 bytes).
    Removing stm32f4xx_pwr.o(.text), (68 bytes).
    Removing stm32f4xx_pwr.o(.text), (68 bytes).
    Removing stm32f4xx_pwr.o(.text), (40 bytes).
    Removing stm32f4xx_pwr.o(.text), (24 bytes).
    Removing stm32f4xx_pwr.o(.text), (20 bytes).
    Removing stm32f4xx_rtc.o(.rev16_text), (4 bytes).
    Removing stm32f4xx_rtc.o(.revsh_text), (4 bytes).
    Removing stm32f4xx_rtc.o(.text), (212 bytes).
    Removing stm32f4xx_rtc.o(.text), (14 bytes).
    Removing stm32f4xx_rtc.o(.text), (28 bytes).
    Removing stm32f4xx_rtc.o(.text), (80 bytes).
    Removing stm32f4xx_rtc.o(.text), (60 bytes).
    Removing stm32f4xx_rtc.o(.text), (12 bytes).
    Removing stm32f4xx_rtc.o(.text), (20 bytes).
    Removing stm32f4xx_rtc.o(.text), (14 bytes).
    Removing stm32f4xx_rtc.o(.text), (236 bytes).
    Removing stm32f4xx_rtc.o(.text), (22 bytes).
    Removing stm32f4xx_rtc.o(.text), (116 bytes).
    Removing stm32f4xx_rtc.o(.text), (116 bytes).
    Removing stm32f4xx_rtc.o(.text), (52 bytes).
    Removing stm32f4xx_rtc.o(.text), (36 bytes).
    Removing stm32f4xx_rtc.o(.text), (48 bytes).
    Removing stm32f4xx_rtc.o(.text), (28 bytes).
    Removing stm32f4xx_rtc.o(.text), (12 bytes).
    Removing stm32f4xx_rtc.o(.text), (120 bytes).
    Removing stm32f4xx_rtc.o(.text), (56 bytes).
    Removing stm32f4xx_rtc.o(.text), (16 bytes).
    Removing stm32f4xx_rtc.o(.text), (56 bytes).
    Removing stm32f4xx_rtc.o(.text), (56 bytes).
    Removing stm32f4xx_rtc.o(.text), (80 bytes).
    Removing stm32f4xx_rtc.o(.text), (60 bytes).
    Removing stm32f4xx_rtc.o(.text), (48 bytes).
    Removing stm32f4xx_rtc.o(.text), (96 bytes).
    Removing stm32f4xx_rtc.o(.text), (56 bytes).
    Removing stm32f4xx_rtc.o(.text), (156 bytes).
    Removing stm32f4xx_rtc.o(.text), (12 bytes).
    Removing stm32f4xx_rtc.o(.text), (36 bytes).
    Removing stm32f4xx_rtc.o(.text), (32 bytes).
    Removing stm32f4xx_rtc.o(.text), (28 bytes).
    Removing stm32f4xx_rtc.o(.text), (28 bytes).
    Removing stm32f4xx_rtc.o(.text), (28 bytes).
    Removing stm32f4xx_rtc.o(.text), (36 bytes).
    Removing stm32f4xx_rtc.o(.text), (36 bytes).
    Removing stm32f4xx_rtc.o(.text), (28 bytes).
    Removing stm32f4xx_rtc.o(.text), (28 bytes).
    Removing stm32f4xx_rtc.o(.text), (28 bytes).
    Removing stm32f4xx_rtc.o(.text), (124 bytes).
    Removing stm32f4xx_rtc.o(.text), (100 bytes).
    Removing stm32f4xx_rtc.o(.text), (40 bytes).
    Removing stm32f4xx_rtc.o(.text), (28 bytes).
    Removing stm32f4xx_rtc.o(.text), (64 bytes).
    Removing stm32f4xx_rtc.o(.text), (32 bytes).
    Removing malloc.o(.rev16_text), (4 bytes).
    Removing malloc.o(.revsh_text), (4 bytes).
    Removing malloc.o(.text), (26 bytes).
    Removing malloc.o(.text), (68 bytes).
    Removing diskio.o(.rev16_text), (4 bytes).
    Removing diskio.o(.revsh_text), (4 bytes).
    Removing diskio.o(.data), (2 bytes).
    Removing ff.o(.rev16_text), (4 bytes).
    Removing ff.o(.revsh_text), (4 bytes).
    Removing ff.o(.text), (184 bytes).
    Removing ff.o(.text), (24 bytes).
    Removing ff.o(.text), (112 bytes).
    Removing ff.o(.text), (54 bytes).
    Removing ff.o(.text), (42 bytes).
    Removing ff.o(.text), (96 bytes).
    Removing ff.o(.text), (214 bytes).
    Removing ff.o(.text), (418 bytes).
    Removing ff.o(.text), (516 bytes).
    Removing ff.o(.text), (312 bytes).
    Removing ff.o(.text), (472 bytes).
    Removing ff.o(.text), (3604 bytes).
    Removing ff.o(.text), (82 bytes).
    Removing ff.o(.text), (34 bytes).
    Removing ff.o(.text), (44 bytes).
    Removing ff.o(.text), (618 bytes).
    Removing exfuns.o(.rev16_text), (4 bytes).
    Removing exfuns.o(.revsh_text), (4 bytes).
    Removing exfuns.o(.text), (26 bytes).
    Removing exfuns.o(.text), (176 bytes).
    Removing exfuns.o(.text), (102 bytes).
    Removing exfuns.o(.bss), (376 bytes).
    Removing exfuns.o(.constdata), (112 bytes).
    Removing exfuns.o(.conststring), (68 bytes).
    Removing cc936.o(.text), (124 bytes).
    Removing dmul.o(.text), (228 bytes).
    Removing dfltui.o(.text), (26 bytes).
    Removing dfixui.o(.text), (50 bytes).
    Removing depilogue.o(.text), (186 bytes).
    Removing dadd.o(.text), (334 bytes).
    Removing ddiv.o(.text), (222 bytes).
    Removing dfixul.o(.text), (48 bytes).
    Removing cdrcmple.o(.text), (48 bytes).

479 unused section(s) (total 54851 bytes) removed from the image.

==============================================================================

Image Symbol Table

    Local Symbols

    Symbol Name                              Value     Ov Type        Size  Object(Section)

    ../clib/microlib/ctype/ctype.c           0x00000000   Number         0  isprint_o.o ABSOLUTE
    ../clib/microlib/ctype/ctype.c           0x00000000   Number         0  islower_o.o ABSOLUTE
    ../clib/microlib/ctype/ctype.c           0x00000000   Number         0  isgraph_o.o ABSOLUTE
    ../clib/microlib/ctype/ctype.c           0x00000000   Number         0  isdigit_o.o ABSOLUTE
    ../clib/microlib/ctype/ctype.c           0x00000000   Number         0  iscntrl_o.o ABSOLUTE
    ../clib/microlib/ctype/ctype.c           0x00000000   Number         0  isblank_o.o ABSOLUTE
    ../clib/microlib/ctype/ctype.c           0x00000000   Number         0  isalpha_o.o ABSOLUTE
    ../clib/microlib/ctype/ctype.c           0x00000000   Number         0  isalnum_o.o ABSOLUTE
    ../clib/microlib/ctype/ctype.c           0x00000000   Number         0  ctype_o.o ABSOLUTE
    ../clib/microlib/ctype/ctype.c           0x00000000   Number         0  isxdigit_o.o ABSOLUTE
    ../clib/microlib/ctype/ctype.c           0x00000000   Number         0  isupper_o.o ABSOLUTE
    ../clib/microlib/ctype/ctype.c           0x00000000   Number         0  isspace_o.o ABSOLUTE
    ../clib/microlib/ctype/ctype.c           0x00000000   Number         0  ispunct_o.o ABSOLUTE
    ../clib/microlib/division.c              0x00000000   Number         0  ldiv.o ABSOLUTE
    ../clib/microlib/division.c              0x00000000   Number         0  uldiv.o ABSOLUTE
    ../clib/microlib/division.c              0x00000000   Number         0  uidiv.o ABSOLUTE
    ../clib/microlib/errno.c                 0x00000000   Number         0  errno.o ABSOLUTE
    ../clib/microlib/init/entry.s            0x00000000   Number         0  entry2.o ABSOLUTE
    ../clib/microlib/init/entry.s            0x00000000   Number         0  entry5.o ABSOLUTE
    ../clib/microlib/init/entry.s            0x00000000   Number         0  entry.o ABSOLUTE
    ../clib/microlib/init/entry.s            0x00000000   Number         0  entry7b.o ABSOLUTE
    ../clib/microlib/init/entry.s            0x00000000   Number         0  entry7a.o ABSOLUTE
    ../clib/microlib/init/entry.s            0x00000000   Number         0  entry8a.o ABSOLUTE
    ../clib/microlib/init/entry.s            0x00000000   Number         0  entry8b.o ABSOLUTE
    ../clib/microlib/init/entry.s            0x00000000   Number         0  entry9a.o ABSOLUTE
    ../clib/microlib/init/entry.s            0x00000000   Number         0  entry9b.o ABSOLUTE
    ../clib/microlib/init/entry.s            0x00000000   Number         0  entry10a.o ABSOLUTE
    ../clib/microlib/init/entry.s            0x00000000   Number         0  entry10b.o ABSOLUTE
    ../clib/microlib/init/entry.s            0x00000000   Number         0  entry11a.o ABSOLUTE
    ../clib/microlib/init/entry.s            0x00000000   Number         0  entry11b.o ABSOLUTE
    ../clib/microlib/longlong.c              0x00000000   Number         0  llshl.o ABSOLUTE
    ../clib/microlib/longlong.c              0x00000000   Number         0  llsshr.o ABSOLUTE
    ../clib/microlib/longlong.c              0x00000000   Number         0  llushr.o ABSOLUTE
    ../clib/microlib/printf/printf.c         0x00000000   Number         0  printf4.o ABSOLUTE
    ../clib/microlib/printf/printf.c         0x00000000   Number         0  printf0.o ABSOLUTE
    ../clib/microlib/printf/printf.c         0x00000000   Number         0  printfb.o ABSOLUTE
    ../clib/microlib/printf/printf.c         0x00000000   Number         0  printf3.o ABSOLUTE
    ../clib/microlib/printf/printf.c         0x00000000   Number         0  printf2.o ABSOLUTE
    ../clib/microlib/printf/printf.c         0x00000000   Number         0  printfa.o ABSOLUTE
    ../clib/microlib/printf/printf.c         0x00000000   Number         0  printf1.o ABSOLUTE
    ../clib/microlib/printf/printf.c         0x00000000   Number         0  printf7.o ABSOLUTE
    ../clib/microlib/printf/printf.c         0x00000000   Number         0  printf8.o ABSOLUTE
    ../clib/microlib/printf/printf.c         0x00000000   Number         0  printf6.o ABSOLUTE
    ../clib/microlib/printf/printf.c         0x00000000   Number         0  printf5.o ABSOLUTE
    ../clib/microlib/printf/stubs.s          0x00000000   Number         0  stubs.o ABSOLUTE
    ../clib/microlib/string/memcpy.c         0x00000000   Number         0  memcpyb.o ABSOLUTE
    ../clib/microlib/string/memcpy.c         0x00000000   Number         0  memcpya.o ABSOLUTE
    ../clib/microlib/string/strcmp.c         0x00000000   Number         0  strcmp.o ABSOLUTE
    ../clib/microlib/string/strcpy.c         0x00000000   Number         0  strcpy.o ABSOLUTE
    ../clib/microlib/stubs.s                 0x00000000   Number         0  iusefp.o ABSOLUTE
    ../clib/microlib/stubs.s                 0x00000000   Number         0  useno.o ABSOLUTE
    ../clib/scanf.c                          0x00000000   Number         0  _chval.o ABSOLUTE
    ../clib/scanf.c                          0x00000000   Number         0  _strtoul.o ABSOLUTE
    ../clib/scanf.c                          0x00000000   Number         0  atoi.o ABSOLUTE
    ../clib/scanf.c                          0x00000000   Number         0  strtol.o ABSOLUTE
    ../fplib/microlib/fpadd.c                0x00000000   Number         0  dadd.o ABSOLUTE
    ../fplib/microlib/fpdiv.c                0x00000000   Number         0  ddiv.o ABSOLUTE
    ../fplib/microlib/fpepilogue.c           0x00000000   Number         0  depilogue.o ABSOLUTE
    ../fplib/microlib/fpfix.c                0x00000000   Number         0  dfixui.o ABSOLUTE
    ../fplib/microlib/fpfix.c                0x00000000   Number         0  dfixul.o ABSOLUTE
    ../fplib/microlib/fpflt.c                0x00000000   Number         0  dfltui.o ABSOLUTE
    ../fplib/microlib/fpmul.c                0x00000000   Number         0  dmul.o ABSOLUTE
    ..\CORE\startup_stm32f40_41xxx.s         0x00000000   Number         0  startup_stm32f40_41xxx.o ABSOLUTE
    ..\FATFS\exfuns\exfuns.c                 0x00000000   Number         0  exfuns.o ABSOLUTE
    ..\FATFS\src\diskio.c                    0x00000000   Number         0  diskio.o ABSOLUTE
    ..\FATFS\src\ff.c                        0x00000000   Number         0  ff.o ABSOLUTE
    ..\FATFS\src\ffunicode.c                 0x00000000   Number         0  ffunicode.o ABSOLUTE
    ..\FATFS\src\option\cc936.c              0x00000000   Number         0  cc936.o ABSOLUTE
    ..\FWLIB\src\misc.c                      0x00000000   Number         0  misc.o ABSOLUTE
    ..\FWLIB\src\stm32f4xx_dma.c             0x00000000   Number         0  stm32f4xx_dma.o ABSOLUTE
    ..\FWLIB\src\stm32f4xx_exti.c            0x00000000   Number         0  stm32f4xx_exti.o ABSOLUTE
    ..\FWLIB\src\stm32f4xx_fsmc.c            0x00000000   Number         0  stm32f4xx_fsmc.o ABSOLUTE
    ..\FWLIB\src\stm32f4xx_gpio.c            0x00000000   Number         0  stm32f4xx_gpio.o ABSOLUTE
    ..\FWLIB\src\stm32f4xx_pwr.c             0x00000000   Number         0  stm32f4xx_pwr.o ABSOLUTE
    ..\FWLIB\src\stm32f4xx_rcc.c             0x00000000   Number         0  stm32f4xx_rcc.o ABSOLUTE
    ..\FWLIB\src\stm32f4xx_rtc.c             0x00000000   Number         0  stm32f4xx_rtc.o ABSOLUTE
    ..\FWLIB\src\stm32f4xx_sdio.c            0x00000000   Number         0  stm32f4xx_sdio.o ABSOLUTE
    ..\FWLIB\src\stm32f4xx_spi.c             0x00000000   Number         0  stm32f4xx_spi.o ABSOLUTE
    ..\FWLIB\src\stm32f4xx_syscfg.c          0x00000000   Number         0  stm32f4xx_syscfg.o ABSOLUTE
    ..\FWLIB\src\stm32f4xx_tim.c             0x00000000   Number         0  stm32f4xx_tim.o ABSOLUTE
    ..\FWLIB\src\stm32f4xx_usart.c           0x00000000   Number         0  stm32f4xx_usart.o ABSOLUTE
    ..\HARDWARE\DMA\dma.c                    0x00000000   Number         0  dma.o ABSOLUTE
    ..\HARDWARE\KEY\key.c                    0x00000000   Number         0  key.o ABSOLUTE
    ..\HARDWARE\LCD\lcd.c                    0x00000000   Number         0  lcd.o ABSOLUTE
    ..\HARDWARE\LED\led.c                    0x00000000   Number         0  led.o ABSOLUTE
    ..\HARDWARE\RTC\rtc.c                    0x00000000   Number         0  rtc.o ABSOLUTE
    ..\HARDWARE\SDIO\sdio_sdcard.c           0x00000000   Number         0  sdio_sdcard.o ABSOLUTE
    ..\HARDWARE\SPI\spi.c                    0x00000000   Number         0  spi.o ABSOLUTE
    ..\HARDWARE\TIMER\timer.c                0x00000000   Number         0  timer.o ABSOLUTE
    ..\HARDWARE\W25QXX\w25qxx.c              0x00000000   Number         0  w25qxx.o ABSOLUTE
    ..\MALLOC\malloc.c                       0x00000000   Number         0  malloc.o ABSOLUTE
    ..\SYSTEM\USART\usart.c                  0x00000000   Number         0  usart.o ABSOLUTE
    ..\SYSTEM\delay\delay.c                  0x00000000   Number         0  delay.o ABSOLUTE
    ..\SYSTEM\sys\sys.c                      0x00000000   Number         0  sys.o ABSOLUTE
    ..\\FATFS\\exfuns\\exfuns.c              0x00000000   Number         0  exfuns.o ABSOLUTE
    ..\\FATFS\\src\\diskio.c                 0x00000000   Number         0  diskio.o ABSOLUTE
    ..\\FATFS\\src\\ff.c                     0x00000000   Number         0  ff.o ABSOLUTE
    ..\\FWLIB\\src\\misc.c                   0x00000000   Number         0  misc.o ABSOLUTE
    ..\\FWLIB\\src\\stm32f4xx_dma.c          0x00000000   Number         0  stm32f4xx_dma.o ABSOLUTE
    ..\\FWLIB\\src\\stm32f4xx_exti.c         0x00000000   Number         0  stm32f4xx_exti.o ABSOLUTE
    ..\\FWLIB\\src\\stm32f4xx_fsmc.c         0x00000000   Number         0  stm32f4xx_fsmc.o ABSOLUTE
    ..\\FWLIB\\src\\stm32f4xx_gpio.c         0x00000000   Number         0  stm32f4xx_gpio.o ABSOLUTE
    ..\\FWLIB\\src\\stm32f4xx_pwr.c          0x00000000   Number         0  stm32f4xx_pwr.o ABSOLUTE
    ..\\FWLIB\\src\\stm32f4xx_rcc.c          0x00000000   Number         0  stm32f4xx_rcc.o ABSOLUTE
    ..\\FWLIB\\src\\stm32f4xx_rtc.c          0x00000000   Number         0  stm32f4xx_rtc.o ABSOLUTE
    ..\\FWLIB\\src\\stm32f4xx_sdio.c         0x00000000   Number         0  stm32f4xx_sdio.o ABSOLUTE
    ..\\FWLIB\\src\\stm32f4xx_spi.c          0x00000000   Number         0  stm32f4xx_spi.o ABSOLUTE
    ..\\FWLIB\\src\\stm32f4xx_syscfg.c       0x00000000   Number         0  stm32f4xx_syscfg.o ABSOLUTE
    ..\\FWLIB\\src\\stm32f4xx_tim.c          0x00000000   Number         0  stm32f4xx_tim.o ABSOLUTE
    ..\\FWLIB\\src\\stm32f4xx_usart.c        0x00000000   Number         0  stm32f4xx_usart.o ABSOLUTE
    ..\\HARDWARE\\DMA\\dma.c                 0x00000000   Number         0  dma.o ABSOLUTE
    ..\\HARDWARE\\KEY\\key.c                 0x00000000   Number         0  key.o ABSOLUTE
    ..\\HARDWARE\\LCD\\lcd.c                 0x00000000   Number         0  lcd.o ABSOLUTE
    ..\\HARDWARE\\LED\\led.c                 0x00000000   Number         0  led.o ABSOLUTE
    ..\\HARDWARE\\RTC\\rtc.c                 0x00000000   Number         0  rtc.o ABSOLUTE
    ..\\HARDWARE\\SDIO\\sdio_sdcard.c        0x00000000   Number         0  sdio_sdcard.o ABSOLUTE
    ..\\HARDWARE\\SPI\\spi.c                 0x00000000   Number         0  spi.o ABSOLUTE
    ..\\HARDWARE\\TIMER\\timer.c             0x00000000   Number         0  timer.o ABSOLUTE
    ..\\MALLOC\\malloc.c                     0x00000000   Number         0  malloc.o ABSOLUTE
    ..\\SYSTEM\\USART\\usart.c               0x00000000   Number         0  usart.o ABSOLUTE
    ..\\SYSTEM\\delay\\delay.c               0x00000000   Number         0  delay.o ABSOLUTE
    ..\\SYSTEM\\sys\\sys.c                   0x00000000   Number         0  sys.o ABSOLUTE
    cdrcmple.s                               0x00000000   Number         0  cdrcmple.o ABSOLUTE
    dc.s                                     0x00000000   Number         0  dc.o ABSOLUTE
    doubleRingBuffer_xiaojia.c               0x00000000   Number         0  doubleringbuffer_xiaojia.o ABSOLUTE
    doubleRingBuffer_xiaojia.c               0x00000000   Number         0  doubleringbuffer_xiaojia.o ABSOLUTE
    handlers.s                               0x00000000   Number         0  handlers.o ABSOLUTE
    init.s                                   0x00000000   Number         0  init.o ABSOLUTE
    init_xiaojia.c                           0x00000000   Number         0  init_xiaojia.o ABSOLUTE
    init_xiaojia.c                           0x00000000   Number         0  init_xiaojia.o ABSOLUTE
    main.c                                   0x00000000   Number         0  main.o ABSOLUTE
    main.c                                   0x00000000   Number         0  main.o ABSOLUTE
    ringbuffer.c                             0x00000000   Number         0  ringbuffer.o ABSOLUTE
    stm32f4xx_it.c                           0x00000000   Number         0  stm32f4xx_it.o ABSOLUTE
    stm32f4xx_it.c                           0x00000000   Number         0  stm32f4xx_it.o ABSOLUTE
    system_stm32f4xx.c                       0x00000000   Number         0  system_stm32f4xx.o ABSOLUTE
    system_stm32f4xx.c                       0x00000000   Number         0  system_stm32f4xx.o ABSOLUTE
    RESET                                    0x08000000   Section      392  startup_stm32f40_41xxx.o(RESET)
    .ARM.Collect$$$$00000000                 0x08000188   Section        0  entry.o(.ARM.Collect$$$$00000000)
    .ARM.Collect$$$$00000001                 0x08000188   Section        4  entry2.o(.ARM.Collect$$$$00000001)
    .ARM.Collect$$$$00000004                 0x0800018c   Section        4  entry5.o(.ARM.Collect$$$$00000004)
    .ARM.Collect$$$$00000008                 0x08000190   Section        0  entry7b.o(.ARM.Collect$$$$00000008)
    .ARM.Collect$$$$0000000A                 0x08000190   Section        0  entry8b.o(.ARM.Collect$$$$0000000A)
    .ARM.Collect$$$$0000000B                 0x08000190   Section        8  entry9a.o(.ARM.Collect$$$$0000000B)
    .ARM.Collect$$$$0000000D                 0x08000198   Section        0  entry10a.o(.ARM.Collect$$$$0000000D)
    .ARM.Collect$$$$0000000F                 0x08000198   Section        0  entry11a.o(.ARM.Collect$$$$0000000F)
    .ARM.Collect$$$$00002712                 0x08000198   Section        4  entry2.o(.ARM.Collect$$$$00002712)
    __lit__00000000                          0x08000198   Data           4  entry2.o(.ARM.Collect$$$$00002712)
    .emb_text                                0x0800019c   Section       16  sys.o(.emb_text)
    $v0                                      0x0800019c   Number         0  sys.o(.emb_text)
    .text                                    0x080001ac   Section        0  main.o(.text)
    .text                                    0x0800036c   Section        0  stm32f4xx_it.o(.text)
    .text                                    0x08000388   Section        0  system_stm32f4xx.o(.text)
    SetSysClock                              0x08000389   Thumb Code   220  system_stm32f4xx.o(.text)
    .text                                    0x080004d8   Section        0  init_xiaojia.o(.text)
    .text                                    0x08000724   Section        0  ringbuffer.o(.text)
    xl_ringbuffer_status                     0x08000725   Thumb Code    42  ringbuffer.o(.text)
    xl_ringbuffer_data_len                   0x0800074f   Thumb Code    76  ringbuffer.o(.text)
    .text                                    0x080008c4   Section        0  led.o(.text)
    .text                                    0x08000904   Section        0  sdio_sdcard.o(.text)
    .text                                    0x080025c0   Section        0  dma.o(.text)
    .text                                    0x08002684   Section        0  rtc.o(.text)
    .text                                    0x08002758   Section        0  timer.o(.text)
    .text                                    0x08002864   Section        0  delay.o(.text)
    .text                                    0x08002920   Section        0  usart.o(.text)
    .text                                    0x0800293c   Section       36  startup_stm32f40_41xxx.o(.text)
    $v0                                      0x0800293c   Number         0  startup_stm32f40_41xxx.o(.text)
    .text                                    0x08002960   Section        0  misc.o(.text)
    .text                                    0x08002a0c   Section        0  stm32f4xx_gpio.o(.text)
    .text                                    0x08002aec   Section        0  stm32f4xx_sdio.o(.text)
    .text                                    0x08002ba8   Section        0  stm32f4xx_rcc.o(.text)
    .text                                    0x08002dcc   Section        0  stm32f4xx_usart.o(.text)
    .text                                    0x08002edc   Section        0  stm32f4xx_dma.o(.text)
    .text                                    0x08003170   Section        0  stm32f4xx_tim.o(.text)
    TI4_Config                               0x080031f1   Thumb Code    80  stm32f4xx_tim.o(.text)
    TI3_Config                               0x08003241   Thumb Code    72  stm32f4xx_tim.o(.text)
    TI2_Config                               0x08003289   Thumb Code    80  stm32f4xx_tim.o(.text)
    TI1_Config                               0x080032d9   Thumb Code    58  stm32f4xx_tim.o(.text)
    .text                                    0x08003368   Section        0  stm32f4xx_pwr.o(.text)
    .text                                    0x08003374   Section        0  stm32f4xx_rtc.o(.text)
    RTC_ByteToBcd2                           0x08003495   Thumb Code    28  stm32f4xx_rtc.o(.text)
    RTC_Bcd2ToByte                           0x080034b1   Thumb Code    22  stm32f4xx_rtc.o(.text)
    .text                                    0x08003720   Section        0  malloc.o(.text)
    .text                                    0x080038ec   Section        0  diskio.o(.text)
    .text                                    0x08003a64   Section        0  ff.o(.text)
    ld_word                                  0x08003a65   Thumb Code    12  ff.o(.text)
    ld_dword                                 0x08003a71   Thumb Code    24  ff.o(.text)
    ld_qword                                 0x08003a89   Thumb Code    98  ff.o(.text)
    st_word                                  0x08003aeb   Thumb Code    12  ff.o(.text)
    st_dword                                 0x08003af7   Thumb Code    24  ff.o(.text)
    st_qword                                 0x08003b0f   Thumb Code    92  ff.o(.text)
    mem_cpy                                  0x08003b6b   Thumb Code    26  ff.o(.text)
    mem_set                                  0x08003b85   Thumb Code    18  ff.o(.text)
    mem_cmp                                  0x08003b97   Thumb Code    36  ff.o(.text)
    chk_chr                                  0x08003bbb   Thumb Code    20  ff.o(.text)
    dbc_1st                                  0x08003bcf   Thumb Code    46  ff.o(.text)
    dbc_2nd                                  0x08003bfd   Thumb Code    66  ff.o(.text)
    tchar2uni                                0x08003c3f   Thumb Code    76  ff.o(.text)
    put_utf                                  0x08003c8b   Thumb Code    66  ff.o(.text)
    sync_window                              0x08003ccd   Thumb Code    74  ff.o(.text)
    move_window                              0x08003d17   Thumb Code    52  ff.o(.text)
    sync_fs                                  0x08003d4b   Thumb Code   134  ff.o(.text)
    clst2sect                                0x08003dd1   Thumb Code    26  ff.o(.text)
    get_fat                                  0x08003deb   Thumb Code   390  ff.o(.text)
    put_fat                                  0x08003f71   Thumb Code   338  ff.o(.text)
    find_bitmap                              0x080040c3   Thumb Code   164  ff.o(.text)
    change_bitmap                            0x08004167   Thumb Code   138  ff.o(.text)
    fill_first_frag                          0x080041f1   Thumb Code    54  ff.o(.text)
    fill_last_frag                           0x08004227   Thumb Code    68  ff.o(.text)
    remove_chain                             0x0800426b   Thumb Code   330  ff.o(.text)
    create_chain                             0x080043b5   Thumb Code   460  ff.o(.text)
    clmt_clust                               0x08004581   Thumb Code    98  ff.o(.text)
    dir_clear                                0x080045e3   Thumb Code   194  ff.o(.text)
    dir_sdi                                  0x080046a5   Thumb Code   170  ff.o(.text)
    dir_next                                 0x0800474f   Thumb Code   220  ff.o(.text)
    dir_alloc                                0x0800482b   Thumb Code   124  ff.o(.text)
    ld_clust                                 0x080048a7   Thumb Code    38  ff.o(.text)
    st_clust                                 0x080048cd   Thumb Code    36  ff.o(.text)
    cmp_lfn                                  0x080048f1   Thumb Code   148  ff.o(.text)
    pick_lfn                                 0x08004985   Thumb Code   130  ff.o(.text)
    put_lfn                                  0x08004a07   Thumb Code   124  ff.o(.text)
    gen_numname                              0x08004a83   Thumb Code   198  ff.o(.text)
    sum_sfn                                  0x08004b49   Thumb Code    32  ff.o(.text)
    xdir_sum                                 0x08004b69   Thumb Code    58  ff.o(.text)
    xname_sum                                0x08004ba3   Thumb Code    76  ff.o(.text)
    xsum32                                   0x08004bef   Thumb Code    26  ff.o(.text)
    get_xfileinfo                            0x08004c09   Thumb Code   214  ff.o(.text)
    load_xdir                                0x08004cdf   Thumb Code   280  ff.o(.text)
    init_alloc_info                          0x08004df7   Thumb Code    50  ff.o(.text)
    load_obj_xdir                            0x08004e29   Thumb Code    64  ff.o(.text)
    store_xdir                               0x08004e69   Thumb Code   114  ff.o(.text)
    create_xdir                              0x08004edb   Thumb Code   146  ff.o(.text)
    dir_read                                 0x08004f6d   Thumb Code   258  ff.o(.text)
    dir_find                                 0x0800506f   Thumb Code   424  ff.o(.text)
    dir_register                             0x08005217   Thumb Code   548  ff.o(.text)
    dir_remove                               0x0800543b   Thumb Code   114  ff.o(.text)
    get_fileinfo                             0x080054ad   Thumb Code   398  ff.o(.text)
    get_achar                                0x0800563b   Thumb Code    62  ff.o(.text)
    pattern_matching                         0x08005679   Thumb Code   196  ff.o(.text)
    create_name                              0x0800573d   Thumb Code   576  ff.o(.text)
    follow_path                              0x0800597d   Thumb Code   196  ff.o(.text)
    get_ldnumber                             0x08005a41   Thumb Code    76  ff.o(.text)
    check_fs                                 0x08005a8d   Thumb Code   130  ff.o(.text)
    find_volume                              0x08005b0f   Thumb Code  1152  ff.o(.text)
    validate                                 0x08005f8f   Thumb Code    60  ff.o(.text)
    putc_bfd                                 0x0800707d   Thumb Code    68  ff.o(.text)
    putc_flush                               0x080070c1   Thumb Code    44  ff.o(.text)
    putc_init                                0x080070ed   Thumb Code    20  ff.o(.text)
    .text                                    0x08007100   Section        0  exfuns.o(.text)
    .text                                    0x08007184   Section        0  cc936.o(.text)
    .text                                    0x080071bc   Section        0  ffunicode.o(.text)
    .text                                    0x08007294   Section        0  uldiv.o(.text)
    .text                                    0x080072f6   Section        0  ldiv.o(.text)
    .text                                    0x08007358   Section        0  memcpya.o(.text)
    .text                                    0x0800737c   Section        0  atoi.o(.text)
    .text                                    0x08007396   Section        0  llshl.o(.text)
    .text                                    0x080073b4   Section        0  llushr.o(.text)
    .text                                    0x080073d4   Section        0  strtol.o(.text)
    .text                                    0x08007444   Section       36  init.o(.text)
    .text                                    0x08007468   Section        0  ctype_o.o(.text)
    .text                                    0x08007470   Section        0  _strtoul.o(.text)
    .text                                    0x0800750e   Section        0  _chval.o(.text)
    i.__0printf$5                            0x0800752c   Section        0  printf5.o(i.__0printf$5)
    i.__0sprintf$5                           0x0800754c   Section        0  printf5.o(i.__0sprintf$5)
    i.__aeabi_errno_addr                     0x08007574   Section        0  errno.o(i.__aeabi_errno_addr)
    i.__scatterload_copy                     0x0800757c   Section       14  handlers.o(i.__scatterload_copy)
    i.__scatterload_null                     0x0800758a   Section        2  handlers.o(i.__scatterload_null)
    i.__scatterload_zeroinit                 0x0800758c   Section       14  handlers.o(i.__scatterload_zeroinit)
    i._printf_core                           0x0800759c   Section        0  printf5.o(i._printf_core)
    _printf_core                             0x0800759d   Thumb Code   658  printf5.o(i._printf_core)
    i._sputc                                 0x0800785c   Section        0  printf5.o(i._sputc)
    _sputc                                   0x0800785d   Thumb Code    10  printf5.o(i._sputc)
    .constdata                               0x08007868   Section       36  malloc.o(.constdata)
    .constdata                               0x0800788c   Section       68  ff.o(.constdata)
    LfnOfs                                   0x0800788c   Data          13  ff.o(.constdata)
    DbcTbl                                   0x08007899   Data          10  ff.o(.constdata)
    badchr                                   0x080078a3   Data          16  ff.o(.constdata)
    cst                                      0x080078b4   Data          14  ff.o(.constdata)
    cst32                                    0x080078c2   Data          14  ff.o(.constdata)
    .constdata                               0x080078d0   Section    175304  cc936.o(.constdata)
    uni2oem                                  0x080078d0   Data       87172  cc936.o(.constdata)
    oem2uni                                  0x0801cd54   Data       87172  cc936.o(.constdata)
    tbl_lower                                0x080321d8   Data         480  cc936.o(.constdata)
    tbl_upper                                0x080323b8   Data         480  cc936.o(.constdata)
    .constdata                               0x08032598   Section    174344  ffunicode.o(.constdata)
    uni2oem936                               0x08032598   Data       87172  ffunicode.o(.constdata)
    oem2uni936                               0x08047a1c   Data       87172  ffunicode.o(.constdata)
    .constdata                               0x0805cea0   Section      129  ctype_o.o(.constdata)
    .constdata                               0x0805cf24   Section        4  ctype_o.o(.constdata)
    table                                    0x0805cf24   Data           4  ctype_o.o(.constdata)
    .ARM.__AT_0x10000000                     0x10000000   Section    61440  malloc.o(.ARM.__AT_0x10000000)
    .ARM.__AT_0x1000F000                     0x1000f000   Section     3840  malloc.o(.ARM.__AT_0x1000F000)
    .data                                    0x20000000   Section       39  main.o(.data)
    .data                                    0x20000028   Section       26  init_xiaojia.o(.data)
    .data                                    0x20000044   Section       16  sdio_sdcard.o(.data)
    CardType                                 0x20000044   Data           1  sdio_sdcard.o(.data)
    RCA                                      0x20000048   Data           4  sdio_sdcard.o(.data)
    DeviceMode                               0x2000004c   Data           1  sdio_sdcard.o(.data)
    StopCondition                            0x2000004d   Data           1  sdio_sdcard.o(.data)
    .data                                    0x20000054   Section        1  dma.o(.data)
    .data                                    0x20000056   Section        4  delay.o(.data)
    fac_us                                   0x20000056   Data           1  delay.o(.data)
    fac_ms                                   0x20000058   Data           2  delay.o(.data)
    .data                                    0x2000005c   Section       12  usart.o(.data)
    .data                                    0x20000068   Section       16  stm32f4xx_rcc.o(.data)
    APBAHBPrescTable                         0x20000068   Data          16  stm32f4xx_rcc.o(.data)
    .data                                    0x20000078   Section       36  malloc.o(.data)
    .data                                    0x2000009c   Section        6  ff.o(.data)
    FatFs                                    0x2000009c   Data           4  ff.o(.data)
    Fsid                                     0x200000a0   Data           2  ff.o(.data)
    .data                                    0x200000a4   Section       24  exfuns.o(.data)
    .data                                    0x200000bc   Section        4  errno.o(.data)
    _errno                                   0x200000bc   Data           4  errno.o(.data)
    .bss                                     0x200000c0   Section     5096  init_xiaojia.o(.bss)
    RxBuffer                                 0x200000c0   Data        2048  init_xiaojia.o(.bss)
    .bss                                     0x200014a8   Section      704  sdio_sdcard.o(.bss)
    CSD_Tab                                  0x200014ec   Data          16  sdio_sdcard.o(.bss)
    CID_Tab                                  0x200014fc   Data          16  sdio_sdcard.o(.bss)
    .bss                                     0x20001768   Section     4108  usart.o(.bss)
    .bss                                     0x20002780   Section    108800  malloc.o(.bss)
    STACK                                    0x2001d080   Section     1024  startup_stm32f40_41xxx.o(STACK)
    .ARM.__AT_0x68000000                     0x68000000   Section    983040  malloc.o(.ARM.__AT_0x68000000)
    .ARM.__AT_0x680F0000                     0x680f0000   Section    61440  malloc.o(.ARM.__AT_0x680F0000)

    Global Symbols

    Symbol Name                              Value     Ov Type        Size  Object(Section)

    BuildAttributes$$THM_ISAv4$E$P$D$K$B$S$7EM$VFPi3$EXTD16$VFPS$VFMA$PE$A:L22UL41UL21$X:L11$S22US41US21$IEEE1$IW$USESV6$~STKCKD$USESV7$~SHL$OSPACE$ROPI$EBA8$MICROLIB$REQ8$PRES8$EABIv2 0x00000000   Number         0  anon$$obj.o ABSOLUTE
    __ARM_use_no_argv                        0x00000000   Number         0  main.o ABSOLUTE
    __use_no_errno                           0x00000000   Number         0  useno.o ABSOLUTE
    __use_no_exception_handling              0x00000000   Number         0  useno.o ABSOLUTE
    __use_no_fp                              0x00000000   Number         0  useno.o ABSOLUTE
    __use_no_heap                            0x00000000   Number         0  useno.o ABSOLUTE
    __use_no_heap_region                     0x00000000   Number         0  useno.o ABSOLUTE
    __use_no_semihosting                     0x00000000   Number         0  useno.o ABSOLUTE
    __use_no_semihosting_swi                 0x00000000   Number         0  useno.o ABSOLUTE
    __use_no_signal_handling                 0x00000000   Number         0  useno.o ABSOLUTE
    _printf_a                                0x00000000   Number         0  stubs.o ABSOLUTE
    _printf_c                                0x00000000   Number         0  stubs.o ABSOLUTE
    _printf_charcount                        0x00000000   Number         0  stubs.o ABSOLUTE
    _printf_d                                0x00000000   Number         0  stubs.o ABSOLUTE
    _printf_e                                0x00000000   Number         0  stubs.o ABSOLUTE
    _printf_f                                0x00000000   Number         0  stubs.o ABSOLUTE
    _printf_flags                            0x00000000   Number         0  stubs.o ABSOLUTE
    _printf_fp_dec                           0x00000000   Number         0  stubs.o ABSOLUTE
    _printf_fp_hex                           0x00000000   Number         0  stubs.o ABSOLUTE
    _printf_g                                0x00000000   Number         0  stubs.o ABSOLUTE
    _printf_i                                0x00000000   Number         0  stubs.o ABSOLUTE
    _printf_int_dec                          0x00000000   Number         0  stubs.o ABSOLUTE
    _printf_l                                0x00000000   Number         0  stubs.o ABSOLUTE
    _printf_lc                               0x00000000   Number         0  stubs.o ABSOLUTE
    _printf_ll                               0x00000000   Number         0  stubs.o ABSOLUTE
    _printf_lld                              0x00000000   Number         0  stubs.o ABSOLUTE
    _printf_lli                              0x00000000   Number         0  stubs.o ABSOLUTE
    _printf_llo                              0x00000000   Number         0  stubs.o ABSOLUTE
    _printf_llu                              0x00000000   Number         0  stubs.o ABSOLUTE
    _printf_llx                              0x00000000   Number         0  stubs.o ABSOLUTE
    _printf_longlong_dec                     0x00000000   Number         0  stubs.o ABSOLUTE
    _printf_longlong_hex                     0x00000000   Number         0  stubs.o ABSOLUTE
    _printf_longlong_oct                     0x00000000   Number         0  stubs.o ABSOLUTE
    _printf_ls                               0x00000000   Number         0  stubs.o ABSOLUTE
    _printf_mbtowc                           0x00000000   Number         0  stubs.o ABSOLUTE
    _printf_n                                0x00000000   Number         0  stubs.o ABSOLUTE
    _printf_o                                0x00000000   Number         0  stubs.o ABSOLUTE
    _printf_p                                0x00000000   Number         0  stubs.o ABSOLUTE
    _printf_percent                          0x00000000   Number         0  stubs.o ABSOLUTE
    _printf_pre_padding                      0x00000000   Number         0  stubs.o ABSOLUTE
    _printf_return_value                     0x00000000   Number         0  stubs.o ABSOLUTE
    _printf_s                                0x00000000   Number         0  stubs.o ABSOLUTE
    _printf_sizespec                         0x00000000   Number         0  stubs.o ABSOLUTE
    _printf_str                              0x00000000   Number         0  stubs.o ABSOLUTE
    _printf_truncate_signed                  0x00000000   Number         0  stubs.o ABSOLUTE
    _printf_truncate_unsigned                0x00000000   Number         0  stubs.o ABSOLUTE
    _printf_u                                0x00000000   Number         0  stubs.o ABSOLUTE
    _printf_wc                               0x00000000   Number         0  stubs.o ABSOLUTE
    _printf_wctomb                           0x00000000   Number         0  stubs.o ABSOLUTE
    _printf_widthprec                        0x00000000   Number         0  stubs.o ABSOLUTE
    _printf_x                                0x00000000   Number         0  stubs.o ABSOLUTE
    __cpp_initialize__aeabi_                  - Undefined Weak Reference
    __cxa_finalize                            - Undefined Weak Reference
    __decompress                              - Undefined Weak Reference
    _clock_init                               - Undefined Weak Reference
    _microlib_exit                            - Undefined Weak Reference
    __Vectors_Size                           0x00000188   Number         0  startup_stm32f40_41xxx.o ABSOLUTE
    __Vectors                                0x08000000   Data           4  startup_stm32f40_41xxx.o(RESET)
    __Vectors_End                            0x08000188   Data           0  startup_stm32f40_41xxx.o(RESET)
    __main                                   0x08000189   Thumb Code     0  entry.o(.ARM.Collect$$$$00000000)
    _main_stk                                0x08000189   Thumb Code     0  entry2.o(.ARM.Collect$$$$00000001)
    _main_scatterload                        0x0800018d   Thumb Code     0  entry5.o(.ARM.Collect$$$$00000004)
    __main_after_scatterload                 0x08000191   Thumb Code     0  entry5.o(.ARM.Collect$$$$00000004)
    _main_clock                              0x08000191   Thumb Code     0  entry7b.o(.ARM.Collect$$$$00000008)
    _main_cpp_init                           0x08000191   Thumb Code     0  entry8b.o(.ARM.Collect$$$$0000000A)
    _main_init                               0x08000191   Thumb Code     0  entry9a.o(.ARM.Collect$$$$0000000B)
    __rt_final_cpp                           0x08000199   Thumb Code     0  entry10a.o(.ARM.Collect$$$$0000000D)
    __rt_final_exit                          0x08000199   Thumb Code     0  entry11a.o(.ARM.Collect$$$$0000000F)
    WFI_SET                                  0x0800019d   Thumb Code     2  sys.o(.emb_text)
    INTX_DISABLE                             0x0800019f   Thumb Code     4  sys.o(.emb_text)
    INTX_ENABLE                              0x080001a3   Thumb Code     4  sys.o(.emb_text)
    MSR_MSP                                  0x080001a7   Thumb Code     6  sys.o(.emb_text)
    writeSDCard                              0x080001ad   Thumb Code    56  main.o(.text)
    set_time                                 0x080001e5   Thumb Code   170  main.o(.text)
    main                                     0x0800028f   Thumb Code   114  main.o(.text)
    NMI_Handler                              0x0800036d   Thumb Code     2  stm32f4xx_it.o(.text)
    HardFault_Handler                        0x0800036f   Thumb Code     4  stm32f4xx_it.o(.text)
    MemManage_Handler                        0x08000373   Thumb Code     4  stm32f4xx_it.o(.text)
    BusFault_Handler                         0x08000377   Thumb Code     4  stm32f4xx_it.o(.text)
    UsageFault_Handler                       0x0800037b   Thumb Code     4  stm32f4xx_it.o(.text)
    SVC_Handler                              0x0800037f   Thumb Code     2  stm32f4xx_it.o(.text)
    DebugMon_Handler                         0x08000381   Thumb Code     2  stm32f4xx_it.o(.text)
    PendSV_Handler                           0x08000383   Thumb Code     2  stm32f4xx_it.o(.text)
    SysTick_Handler                          0x08000385   Thumb Code     2  stm32f4xx_it.o(.text)
    SystemInit                               0x08000465   Thumb Code    88  system_stm32f4xx.o(.text)
    USART1_Init                              0x080004d9   Thumb Code   224  init_xiaojia.o(.text)
    MY_init                                  0x080005b9   Thumb Code    56  init_xiaojia.o(.text)
    check_SD                                 0x080005f1   Thumb Code    38  init_xiaojia.o(.text)
    mount_fatfs                              0x08000617   Thumb Code    20  init_xiaojia.o(.text)
    create_a_file                            0x0800062b   Thumb Code   152  init_xiaojia.o(.text)
    xl_ringbuffer_init                       0x0800079b   Thumb Code    48  ringbuffer.o(.text)
    xl_ringbuffer_get                        0x080007cb   Thumb Code   156  ringbuffer.o(.text)
    xl_ringbuffer_movewriteindex             0x08000867   Thumb Code    92  ringbuffer.o(.text)
    LED_Init                                 0x080008c5   Thumb Code    60  led.o(.text)
    SDIO_Register_Deinit                     0x08000905   Thumb Code    48  sdio_sdcard.o(.text)
    SD_SetDeviceMode                         0x08000935   Thumb Code    20  sdio_sdcard.o(.text)
    SDIO_Clock_Set                           0x08000949   Thumb Code    18  sdio_sdcard.o(.text)
    CmdResp1Error                            0x0800095b   Thumb Code    96  sdio_sdcard.o(.text)
    FindSCR                                  0x080009bb   Thumb Code   390  sdio_sdcard.o(.text)
    SDEnWideBus                              0x08000b41   Thumb Code   160  sdio_sdcard.o(.text)
    SD_EnableWideBusOperation                0x08000be1   Thumb Code    98  sdio_sdcard.o(.text)
    SD_SelectDeselect                        0x08000c43   Thumb Code    42  sdio_sdcard.o(.text)
    SD_GetCardInfo                           0x08000c6d   Thumb Code   806  sdio_sdcard.o(.text)
    CmdResp2Error                            0x08000f93   Thumb Code    80  sdio_sdcard.o(.text)
    CmdResp6Error                            0x08000fe3   Thumb Code   144  sdio_sdcard.o(.text)
    SD_InitializeCards                       0x08001073   Thumb Code   354  sdio_sdcard.o(.text)
    CmdResp3Error                            0x080011d5   Thumb Code    52  sdio_sdcard.o(.text)
    CmdResp7Error                            0x08001209   Thumb Code    72  sdio_sdcard.o(.text)
    CmdError                                 0x08001251   Thumb Code    48  sdio_sdcard.o(.text)
    SD_PowerON                               0x08001281   Thumb Code   460  sdio_sdcard.o(.text)
    SD_Init                                  0x0800144d   Thumb Code   332  sdio_sdcard.o(.text)
    SD_DMA_Config                            0x08001599   Thumb Code   118  sdio_sdcard.o(.text)
    convert_from_bytes_to_power_of_two       0x0800160f   Thumb Code    18  sdio_sdcard.o(.text)
    SD_ReadBlock                             0x08001621   Thumb Code   570  sdio_sdcard.o(.text)
    SD_ReadMultiBlocks                       0x0800185b   Thumb Code   758  sdio_sdcard.o(.text)
    IsCardProgramming                        0x08001b51   Thumb Code   150  sdio_sdcard.o(.text)
    SD_WriteBlock                            0x08001be7   Thumb Code   910  sdio_sdcard.o(.text)
    SD_WriteMultiBlocks                      0x08001f75   Thumb Code   970  sdio_sdcard.o(.text)
    SD_ProcessIRQSrc                         0x0800233f   Thumb Code   300  sdio_sdcard.o(.text)
    SDIO_IRQHandler                          0x0800246b   Thumb Code     8  sdio_sdcard.o(.text)
    SD_ReadDisk                              0x08002473   Thumb Code   148  sdio_sdcard.o(.text)
    SD_WriteDisk                             0x08002507   Thumb Code   148  sdio_sdcard.o(.text)
    MYDMA_Init                               0x080025c1   Thumb Code   134  dma.o(.text)
    DMA2_Stream5_IRQHandler                  0x08002647   Thumb Code    38  dma.o(.text)
    RTC_Set_Time                             0x08002685   Thumb Code    36  rtc.o(.text)
    RTC_Set_Date                             0x080026a9   Thumb Code    36  rtc.o(.text)
    My_RTC_Init                              0x080026cd   Thumb Code   138  rtc.o(.text)
    TIM2_Int_Init                            0x08002759   Thumb Code   112  timer.o(.text)
    TIM2_IRQHandler                          0x080027c9   Thumb Code   136  timer.o(.text)
    delay_init                               0x08002865   Thumb Code    52  delay.o(.text)
    delay_xms                                0x08002899   Thumb Code    72  delay.o(.text)
    delay_ms                                 0x080028e1   Thumb Code    56  delay.o(.text)
    fputc                                    0x08002921   Thumb Code    22  usart.o(.text)
    Reset_Handler                            0x0800293d   Thumb Code     8  startup_stm32f40_41xxx.o(.text)
    ADC_IRQHandler                           0x08002957   Thumb Code     0  startup_stm32f40_41xxx.o(.text)
    CAN1_RX0_IRQHandler                      0x08002957   Thumb Code     0  startup_stm32f40_41xxx.o(.text)
    CAN1_RX1_IRQHandler                      0x08002957   Thumb Code     0  startup_stm32f40_41xxx.o(.text)
    CAN1_SCE_IRQHandler                      0x08002957   Thumb Code     0  startup_stm32f40_41xxx.o(.text)
    CAN1_TX_IRQHandler                       0x08002957   Thumb Code     0  startup_stm32f40_41xxx.o(.text)
    CAN2_RX0_IRQHandler                      0x08002957   Thumb Code     0  startup_stm32f40_41xxx.o(.text)
    CAN2_RX1_IRQHandler                      0x08002957   Thumb Code     0  startup_stm32f40_41xxx.o(.text)
    CAN2_SCE_IRQHandler                      0x08002957   Thumb Code     0  startup_stm32f40_41xxx.o(.text)
    CAN2_TX_IRQHandler                       0x08002957   Thumb Code     0  startup_stm32f40_41xxx.o(.text)
    CRYP_IRQHandler                          0x08002957   Thumb Code     0  startup_stm32f40_41xxx.o(.text)
    DCMI_IRQHandler                          0x08002957   Thumb Code     0  startup_stm32f40_41xxx.o(.text)
    DMA1_Stream0_IRQHandler                  0x08002957   Thumb Code     0  startup_stm32f40_41xxx.o(.text)
    DMA1_Stream1_IRQHandler                  0x08002957   Thumb Code     0  startup_stm32f40_41xxx.o(.text)
    DMA1_Stream2_IRQHandler                  0x08002957   Thumb Code     0  startup_stm32f40_41xxx.o(.text)
    DMA1_Stream3_IRQHandler                  0x08002957   Thumb Code     0  startup_stm32f40_41xxx.o(.text)
    DMA1_Stream4_IRQHandler                  0x08002957   Thumb Code     0  startup_stm32f40_41xxx.o(.text)
    DMA1_Stream5_IRQHandler                  0x08002957   Thumb Code     0  startup_stm32f40_41xxx.o(.text)
    DMA1_Stream6_IRQHandler                  0x08002957   Thumb Code     0  startup_stm32f40_41xxx.o(.text)
    DMA1_Stream7_IRQHandler                  0x08002957   Thumb Code     0  startup_stm32f40_41xxx.o(.text)
    DMA2_Stream0_IRQHandler                  0x08002957   Thumb Code     0  startup_stm32f40_41xxx.o(.text)
    DMA2_Stream1_IRQHandler                  0x08002957   Thumb Code     0  startup_stm32f40_41xxx.o(.text)
    DMA2_Stream2_IRQHandler                  0x08002957   Thumb Code     0  startup_stm32f40_41xxx.o(.text)
    DMA2_Stream3_IRQHandler                  0x08002957   Thumb Code     0  startup_stm32f40_41xxx.o(.text)
    DMA2_Stream4_IRQHandler                  0x08002957   Thumb Code     0  startup_stm32f40_41xxx.o(.text)
    DMA2_Stream6_IRQHandler                  0x08002957   Thumb Code     0  startup_stm32f40_41xxx.o(.text)
    DMA2_Stream7_IRQHandler                  0x08002957   Thumb Code     0  startup_stm32f40_41xxx.o(.text)
    ETH_IRQHandler                           0x08002957   Thumb Code     0  startup_stm32f40_41xxx.o(.text)
    ETH_WKUP_IRQHandler                      0x08002957   Thumb Code     0  startup_stm32f40_41xxx.o(.text)
    EXTI0_IRQHandler                         0x08002957   Thumb Code     0  startup_stm32f40_41xxx.o(.text)
    EXTI15_10_IRQHandler                     0x08002957   Thumb Code     0  startup_stm32f40_41xxx.o(.text)
    EXTI1_IRQHandler                         0x08002957   Thumb Code     0  startup_stm32f40_41xxx.o(.text)
    EXTI2_IRQHandler                         0x08002957   Thumb Code     0  startup_stm32f40_41xxx.o(.text)
    EXTI3_IRQHandler                         0x08002957   Thumb Code     0  startup_stm32f40_41xxx.o(.text)
    EXTI4_IRQHandler                         0x08002957   Thumb Code     0  startup_stm32f40_41xxx.o(.text)
    EXTI9_5_IRQHandler                       0x08002957   Thumb Code     0  startup_stm32f40_41xxx.o(.text)
    FLASH_IRQHandler                         0x08002957   Thumb Code     0  startup_stm32f40_41xxx.o(.text)
    FPU_IRQHandler                           0x08002957   Thumb Code     0  startup_stm32f40_41xxx.o(.text)
    FSMC_IRQHandler                          0x08002957   Thumb Code     0  startup_stm32f40_41xxx.o(.text)
    HASH_RNG_IRQHandler                      0x08002957   Thumb Code     0  startup_stm32f40_41xxx.o(.text)
    I2C1_ER_IRQHandler                       0x08002957   Thumb Code     0  startup_stm32f40_41xxx.o(.text)
    I2C1_EV_IRQHandler                       0x08002957   Thumb Code     0  startup_stm32f40_41xxx.o(.text)
    I2C2_ER_IRQHandler                       0x08002957   Thumb Code     0  startup_stm32f40_41xxx.o(.text)
    I2C2_EV_IRQHandler                       0x08002957   Thumb Code     0  startup_stm32f40_41xxx.o(.text)
    I2C3_ER_IRQHandler                       0x08002957   Thumb Code     0  startup_stm32f40_41xxx.o(.text)
    I2C3_EV_IRQHandler                       0x08002957   Thumb Code     0  startup_stm32f40_41xxx.o(.text)
    OTG_FS_IRQHandler                        0x08002957   Thumb Code     0  startup_stm32f40_41xxx.o(.text)
    OTG_FS_WKUP_IRQHandler                   0x08002957   Thumb Code     0  startup_stm32f40_41xxx.o(.text)
    OTG_HS_EP1_IN_IRQHandler                 0x08002957   Thumb Code     0  startup_stm32f40_41xxx.o(.text)
    OTG_HS_EP1_OUT_IRQHandler                0x08002957   Thumb Code     0  startup_stm32f40_41xxx.o(.text)
    OTG_HS_IRQHandler                        0x08002957   Thumb Code     0  startup_stm32f40_41xxx.o(.text)
    OTG_HS_WKUP_IRQHandler                   0x08002957   Thumb Code     0  startup_stm32f40_41xxx.o(.text)
    PVD_IRQHandler                           0x08002957   Thumb Code     0  startup_stm32f40_41xxx.o(.text)
    RCC_IRQHandler                           0x08002957   Thumb Code     0  startup_stm32f40_41xxx.o(.text)
    RTC_Alarm_IRQHandler                     0x08002957   Thumb Code     0  startup_stm32f40_41xxx.o(.text)
    RTC_WKUP_IRQHandler                      0x08002957   Thumb Code     0  startup_stm32f40_41xxx.o(.text)
    SPI1_IRQHandler                          0x08002957   Thumb Code     0  startup_stm32f40_41xxx.o(.text)
    SPI2_IRQHandler                          0x08002957   Thumb Code     0  startup_stm32f40_41xxx.o(.text)
    SPI3_IRQHandler                          0x08002957   Thumb Code     0  startup_stm32f40_41xxx.o(.text)
    TAMP_STAMP_IRQHandler                    0x08002957   Thumb Code     0  startup_stm32f40_41xxx.o(.text)
    TIM1_BRK_TIM9_IRQHandler                 0x08002957   Thumb Code     0  startup_stm32f40_41xxx.o(.text)
    TIM1_CC_IRQHandler                       0x08002957   Thumb Code     0  startup_stm32f40_41xxx.o(.text)
    TIM1_TRG_COM_TIM11_IRQHandler            0x08002957   Thumb Code     0  startup_stm32f40_41xxx.o(.text)
    TIM1_UP_TIM10_IRQHandler                 0x08002957   Thumb Code     0  startup_stm32f40_41xxx.o(.text)
    TIM3_IRQHandler                          0x08002957   Thumb Code     0  startup_stm32f40_41xxx.o(.text)
    TIM4_IRQHandler                          0x08002957   Thumb Code     0  startup_stm32f40_41xxx.o(.text)
    TIM5_IRQHandler                          0x08002957   Thumb Code     0  startup_stm32f40_41xxx.o(.text)
    TIM6_DAC_IRQHandler                      0x08002957   Thumb Code     0  startup_stm32f40_41xxx.o(.text)
    TIM7_IRQHandler                          0x08002957   Thumb Code     0  startup_stm32f40_41xxx.o(.text)
    TIM8_BRK_TIM12_IRQHandler                0x08002957   Thumb Code     0  startup_stm32f40_41xxx.o(.text)
    TIM8_CC_IRQHandler                       0x08002957   Thumb Code     0  startup_stm32f40_41xxx.o(.text)
    TIM8_TRG_COM_TIM14_IRQHandler            0x08002957   Thumb Code     0  startup_stm32f40_41xxx.o(.text)
    TIM8_UP_TIM13_IRQHandler                 0x08002957   Thumb Code     0  startup_stm32f40_41xxx.o(.text)
    UART4_IRQHandler                         0x08002957   Thumb Code     0  startup_stm32f40_41xxx.o(.text)
    UART5_IRQHandler                         0x08002957   Thumb Code     0  startup_stm32f40_41xxx.o(.text)
    USART1_IRQHandler                        0x08002957   Thumb Code     0  startup_stm32f40_41xxx.o(.text)
    USART2_IRQHandler                        0x08002957   Thumb Code     0  startup_stm32f40_41xxx.o(.text)
    USART3_IRQHandler                        0x08002957   Thumb Code     0  startup_stm32f40_41xxx.o(.text)
    USART6_IRQHandler                        0x08002957   Thumb Code     0  startup_stm32f40_41xxx.o(.text)
    WWDG_IRQHandler                          0x08002957   Thumb Code     0  startup_stm32f40_41xxx.o(.text)
    NVIC_PriorityGroupConfig                 0x08002961   Thumb Code    10  misc.o(.text)
    NVIC_Init                                0x0800296b   Thumb Code   106  misc.o(.text)
    SysTick_CLKSourceConfig                  0x080029d5   Thumb Code    40  misc.o(.text)
    GPIO_Init                                0x08002a0d   Thumb Code   144  stm32f4xx_gpio.o(.text)
    GPIO_SetBits                             0x08002a9d   Thumb Code     4  stm32f4xx_gpio.o(.text)
    GPIO_ResetBits                           0x08002aa1   Thumb Code     4  stm32f4xx_gpio.o(.text)
    GPIO_PinAFConfig                         0x08002aa5   Thumb Code    70  stm32f4xx_gpio.o(.text)
    SDIO_Init                                0x08002aed   Thumb Code    42  stm32f4xx_sdio.o(.text)
    SDIO_SetPowerState                       0x08002b17   Thumb Code     8  stm32f4xx_sdio.o(.text)
    SDIO_GetPowerState                       0x08002b1f   Thumb Code    12  stm32f4xx_sdio.o(.text)
    SDIO_SendCommand                         0x08002b2b   Thumb Code    42  stm32f4xx_sdio.o(.text)
    SDIO_DataConfig                          0x08002b55   Thumb Code    48  stm32f4xx_sdio.o(.text)
    SDIO_GetFlagStatus                       0x08002b85   Thumb Code    22  stm32f4xx_sdio.o(.text)
    SDIO_ClearFlag                           0x08002b9b   Thumb Code     8  stm32f4xx_sdio.o(.text)
    RCC_GetFlagStatus                        0x08002ba9   Thumb Code    60  stm32f4xx_rcc.o(.text)
    RCC_LSEConfig                            0x08002be5   Thumb Code    46  stm32f4xx_rcc.o(.text)
    RCC_GetClocksFreq                        0x08002c13   Thumb Code   222  stm32f4xx_rcc.o(.text)
    RCC_RTCCLKConfig                         0x08002cf1   Thumb Code    54  stm32f4xx_rcc.o(.text)
    RCC_RTCCLKCmd                            0x08002d27   Thumb Code     6  stm32f4xx_rcc.o(.text)
    RCC_AHB1PeriphClockCmd                   0x08002d2d   Thumb Code    34  stm32f4xx_rcc.o(.text)
    RCC_APB1PeriphClockCmd                   0x08002d4f   Thumb Code    34  stm32f4xx_rcc.o(.text)
    RCC_APB2PeriphClockCmd                   0x08002d71   Thumb Code    34  stm32f4xx_rcc.o(.text)
    RCC_APB2PeriphResetCmd                   0x08002d93   Thumb Code    34  stm32f4xx_rcc.o(.text)
    USART_Init                               0x08002dcd   Thumb Code   204  stm32f4xx_usart.o(.text)
    USART_Cmd                                0x08002e99   Thumb Code    24  stm32f4xx_usart.o(.text)
    USART_DMACmd                             0x08002eb1   Thumb Code    18  stm32f4xx_usart.o(.text)
    USART_ClearFlag                          0x08002ec3   Thumb Code    18  stm32f4xx_usart.o(.text)
    DMA_DeInit                               0x08002edd   Thumb Code   324  stm32f4xx_dma.o(.text)
    DMA_Init                                 0x08003021   Thumb Code    82  stm32f4xx_dma.o(.text)
    DMA_Cmd                                  0x08003073   Thumb Code    22  stm32f4xx_dma.o(.text)
    DMA_FlowControllerConfig                 0x08003089   Thumb Code    22  stm32f4xx_dma.o(.text)
    DMA_GetCurrDataCounter                   0x0800309f   Thumb Code     8  stm32f4xx_dma.o(.text)
    DMA_GetCmdStatus                         0x080030a7   Thumb Code    20  stm32f4xx_dma.o(.text)
    DMA_GetFlagStatus                        0x080030bb   Thumb Code    56  stm32f4xx_dma.o(.text)
    DMA_ClearFlag                            0x080030f3   Thumb Code    40  stm32f4xx_dma.o(.text)
    DMA_ITConfig                             0x0800311b   Thumb Code    58  stm32f4xx_dma.o(.text)
    TIM_TimeBaseInit                         0x08003171   Thumb Code   104  stm32f4xx_tim.o(.text)
    TIM_Cmd                                  0x080031d9   Thumb Code    24  stm32f4xx_tim.o(.text)
    TIM_ITConfig                             0x08003313   Thumb Code    18  stm32f4xx_tim.o(.text)
    TIM_GetITStatus                          0x08003325   Thumb Code    34  stm32f4xx_tim.o(.text)
    TIM_ClearITPendingBit                    0x08003347   Thumb Code     6  stm32f4xx_tim.o(.text)
    PWR_BackupAccessCmd                      0x08003369   Thumb Code     6  stm32f4xx_pwr.o(.text)
    RTC_WaitForSynchro                       0x08003375   Thumb Code    92  stm32f4xx_rtc.o(.text)
    RTC_EnterInitMode                        0x080033d1   Thumb Code    84  stm32f4xx_rtc.o(.text)
    RTC_ExitInitMode                         0x08003425   Thumb Code    18  stm32f4xx_rtc.o(.text)
    RTC_Init                                 0x08003437   Thumb Code    94  stm32f4xx_rtc.o(.text)
    RTC_SetTime                              0x080034c7   Thumb Code   200  stm32f4xx_rtc.o(.text)
    RTC_GetTime                              0x0800358f   Thumb Code    74  stm32f4xx_rtc.o(.text)
    RTC_SetDate                              0x080035d9   Thumb Code   190  stm32f4xx_rtc.o(.text)
    RTC_GetDate                              0x08003697   Thumb Code    70  stm32f4xx_rtc.o(.text)
    RTC_WriteBackupRegister                  0x080036dd   Thumb Code    26  stm32f4xx_rtc.o(.text)
    RTC_ReadBackupRegister                   0x080036f7   Thumb Code    28  stm32f4xx_rtc.o(.text)
    mymemset                                 0x08003721   Thumb Code    20  malloc.o(.text)
    my_mem_init                              0x08003735   Thumb Code    54  malloc.o(.text)
    my_mem_perused                           0x0800376b   Thumb Code    54  malloc.o(.text)
    my_mem_malloc                            0x080037a1   Thumb Code   154  malloc.o(.text)
    my_mem_free                              0x0800383b   Thumb Code    94  malloc.o(.text)
    myfree                                   0x08003899   Thumb Code    32  malloc.o(.text)
    mymalloc                                 0x080038b9   Thumb Code    36  malloc.o(.text)
    disk_initialize                          0x080038ed   Thumb Code    40  diskio.o(.text)
    disk_status                              0x08003915   Thumb Code     6  diskio.o(.text)
    disk_read                                0x0800391b   Thumb Code    94  diskio.o(.text)
    disk_write                               0x08003979   Thumb Code    94  diskio.o(.text)
    disk_ioctl                               0x080039d7   Thumb Code   106  diskio.o(.text)
    get_fattime                              0x08003a41   Thumb Code     4  diskio.o(.text)
    ff_memalloc                              0x08003a45   Thumb Code    14  diskio.o(.text)
    ff_memfree                               0x08003a53   Thumb Code    14  diskio.o(.text)
    f_mount                                  0x08005fcb   Thumb Code    80  ff.o(.text)
    f_open                                   0x0800601b   Thumb Code   802  ff.o(.text)
    f_read                                   0x0800633d   Thumb Code   552  ff.o(.text)
    f_write                                  0x08006565   Thumb Code   644  ff.o(.text)
    f_sync                                   0x080067e9   Thumb Code   424  ff.o(.text)
    f_close                                  0x08006991   Thumb Code    34  ff.o(.text)
    f_lseek                                  0x080069b3   Thumb Code  1134  ff.o(.text)
    f_getfree                                0x08006e21   Thumb Code   352  ff.o(.text)
    f_unlink                                 0x08006f81   Thumb Code   252  ff.o(.text)
    exfuns_init                              0x08007101   Thumb Code   114  exfuns.o(.text)
    ff_wtoupper                              0x08007185   Thumb Code    46  cc936.o(.text)
    ff_uni2oem                               0x080071bd   Thumb Code   110  ffunicode.o(.text)
    ff_oem2uni                               0x0800722b   Thumb Code    98  ffunicode.o(.text)
    __aeabi_uldivmod                         0x08007295   Thumb Code    98  uldiv.o(.text)
    __aeabi_ldivmod                          0x080072f7   Thumb Code    98  ldiv.o(.text)
    __aeabi_memcpy                           0x08007359   Thumb Code    36  memcpya.o(.text)
    __aeabi_memcpy4                          0x08007359   Thumb Code     0  memcpya.o(.text)
    __aeabi_memcpy8                          0x08007359   Thumb Code     0  memcpya.o(.text)
    atoi                                     0x0800737d   Thumb Code    26  atoi.o(.text)
    __aeabi_llsl                             0x08007397   Thumb Code    30  llshl.o(.text)
    _ll_shift_l                              0x08007397   Thumb Code     0  llshl.o(.text)
    __aeabi_llsr                             0x080073b5   Thumb Code    32  llushr.o(.text)
    _ll_ushift_r                             0x080073b5   Thumb Code     0  llushr.o(.text)
    strtol                                   0x080073d5   Thumb Code   112  strtol.o(.text)
    __scatterload                            0x08007445   Thumb Code    28  init.o(.text)
    __scatterload_rt2                        0x08007445   Thumb Code     0  init.o(.text)
    __rt_ctype_table                         0x08007469   Thumb Code     4  ctype_o.o(.text)
    _strtoul                                 0x08007471   Thumb Code   158  _strtoul.o(.text)
    _chval                                   0x0800750f   Thumb Code    28  _chval.o(.text)
    __0printf$5                              0x0800752d   Thumb Code    22  printf5.o(i.__0printf$5)
    __1printf$5                              0x0800752d   Thumb Code     0  printf5.o(i.__0printf$5)
    __2printf                                0x0800752d   Thumb Code     0  printf5.o(i.__0printf$5)
    __0sprintf$5                             0x0800754d   Thumb Code    34  printf5.o(i.__0sprintf$5)
    __1sprintf$5                             0x0800754d   Thumb Code     0  printf5.o(i.__0sprintf$5)
    __2sprintf                               0x0800754d   Thumb Code     0  printf5.o(i.__0sprintf$5)
    __aeabi_errno_addr                       0x08007575   Thumb Code     4  errno.o(i.__aeabi_errno_addr)
    __rt_errno_addr                          0x08007575   Thumb Code     0  errno.o(i.__aeabi_errno_addr)
    __scatterload_copy                       0x0800757d   Thumb Code    14  handlers.o(i.__scatterload_copy)
    __scatterload_null                       0x0800758b   Thumb Code     2  handlers.o(i.__scatterload_null)
    __scatterload_zeroinit                   0x0800758d   Thumb Code    14  handlers.o(i.__scatterload_zeroinit)
    memtblsize                               0x08007868   Data          12  malloc.o(.constdata)
    memblksize                               0x08007874   Data          12  malloc.o(.constdata)
    memsize                                  0x08007880   Data          12  malloc.o(.constdata)
    __ctype_table                            0x0805cea0   Data         129  ctype_o.o(.constdata)
    Region$$Table$$Base                      0x0805cf28   Number         0  anon$$obj.o(Region$$Table)
    Region$$Table$$Limit                     0x0805cf48   Number         0  anon$$obj.o(Region$$Table)
    mem3base                                 0x10000000   Data       61440  malloc.o(.ARM.__AT_0x10000000)
    mem3mapbase                              0x1000f000   Data        3840  malloc.o(.ARM.__AT_0x1000F000)
    RTCtime                                  0x20000000   Data           5  main.o(.data)
    add                                      0x20000008   Data           4  main.o(.data)
    fre_clust                                0x2000000c   Data           4  main.o(.data)
    fre_sect                                 0x20000010   Data           4  main.o(.data)
    tot_sect                                 0x20000014   Data           4  main.o(.data)
    ft                                       0x20000018   Data           4  main.o(.data)
    TEMP                                     0x2000001c   Data           4  main.o(.data)
    diff                                     0x20000020   Data           4  main.o(.data)
    truecount                                0x20000024   Data           2  main.o(.data)
    readfinish                               0x20000026   Data           1  main.o(.data)
    err                                      0x20000028   Data           1  init_xiaojia.o(.data)
    MY_br                                    0x2000002c   Data           4  init_xiaojia.o(.data)
    MY_bw                                    0x20000030   Data           4  init_xiaojia.o(.data)
    res                                      0x20000034   Data           1  init_xiaojia.o(.data)
    RTC_TimeStruct                           0x20000035   Data           4  init_xiaojia.o(.data)
    RTC_DateStruct                           0x20000039   Data           4  init_xiaojia.o(.data)
    get_time                                 0x2000003d   Data           5  init_xiaojia.o(.data)
    TransferError                            0x2000004e   Data           1  sdio_sdcard.o(.data)
    TransferEnd                              0x2000004f   Data           1  sdio_sdcard.o(.data)
    tempbuff                                 0x20000050   Data           4  sdio_sdcard.o(.data)
    DMAITFlag                                0x20000054   Data           1  dma.o(.data)
    INCNT                                    0x2000005c   Data           4  usart.o(.data)
    dataget                                  0x20000060   Data           1  usart.o(.data)
    USART_RX_STA                             0x20000062   Data           2  usart.o(.data)
    __stdout                                 0x20000064   Data           4  usart.o(.data)
    mallco_dev                               0x20000078   Data          36  malloc.o(.data)
    fs                                       0x200000a4   Data           4  exfuns.o(.data)
    file                                     0x200000a8   Data           4  exfuns.o(.data)
    ftemp                                    0x200000ac   Data           4  exfuns.o(.data)
    br                                       0x200000b0   Data           4  exfuns.o(.data)
    bw                                       0x200000b4   Data           4  exfuns.o(.data)
    fatbuf                                   0x200000b8   Data           4  exfuns.o(.data)
    buffer                                   0x200008c0   Data        2048  init_xiaojia.o(.bss)
    get_time_filename                        0x200010c0   Data          20  init_xiaojia.o(.bss)
    fl                                       0x200010d8   Data         600  init_xiaojia.o(.bss)
    dy                                       0x20001330   Data          88  init_xiaojia.o(.bss)
    flinfo                                   0x20001388   Data         288  init_xiaojia.o(.bss)
    SDIO_InitStructure                       0x200014a8   Data          24  sdio_sdcard.o(.bss)
    SDIO_CmdInitStructure                    0x200014c0   Data          20  sdio_sdcard.o(.bss)
    SDIO_DataInitStructure                   0x200014d4   Data          24  sdio_sdcard.o(.bss)
    SDCardInfo                               0x20001510   Data          88  sdio_sdcard.o(.bss)
    SDIO_DATA_BUFFER                         0x20001568   Data         512  sdio_sdcard.o(.bss)
    uart1Rx_buf                              0x20001768   Data        4096  usart.o(.bss)
    uart1RxRingBuf                           0x20002768   Data          12  usart.o(.bss)
    mem1base                                 0x20002780   Data       102400  malloc.o(.bss)
    mem1mapbase                              0x2001b780   Data        6400  malloc.o(.bss)
    __initial_sp                             0x2001d480   Data           0  startup_stm32f40_41xxx.o(STACK)
    mem2base                                 0x68000000   Data       983040  malloc.o(.ARM.__AT_0x68000000)
    mem2mapbase                              0x680f0000   Data       61440  malloc.o(.ARM.__AT_0x680F0000)



==============================================================================

Memory Map of the image

  Image Entry point : 0x08000189

  Load Region LR_IROM1 (Base: 0x08000000, Size: 0x0005d008, Max: 0x00100000, ABSOLUTE)

    Execution Region ER_IROM1 (Base: 0x08000000, Size: 0x0005cf48, Max: 0x00100000, ABSOLUTE)

    Base Addr    Size         Type   Attr      Idx    E Section Name        Object

    0x08000000   0x00000188   Data   RO          928    RESET               startup_stm32f40_41xxx.o
    0x08000188   0x00000000   Code   RO         3358  * .ARM.Collect$$$$00000000  mc_w.l(entry.o)
    0x08000188   0x00000004   Code   RO         3642    .ARM.Collect$$$$00000001  mc_w.l(entry2.o)
    0x0800018c   0x00000004   Code   RO         3645    .ARM.Collect$$$$00000004  mc_w.l(entry5.o)
    0x08000190   0x00000000   Code   RO         3647    .ARM.Collect$$$$00000008  mc_w.l(entry7b.o)
    0x08000190   0x00000000   Code   RO         3649    .ARM.Collect$$$$0000000A  mc_w.l(entry8b.o)
    0x08000190   0x00000008   Code   RO         3650    .ARM.Collect$$$$0000000B  mc_w.l(entry9a.o)
    0x08000198   0x00000000   Code   RO         3652    .ARM.Collect$$$$0000000D  mc_w.l(entry10a.o)
    0x08000198   0x00000000   Code   RO         3654    .ARM.Collect$$$$0000000F  mc_w.l(entry11a.o)
    0x08000198   0x00000004   Code   RO         3643    .ARM.Collect$$$$00002712  mc_w.l(entry2.o)
    0x0800019c   0x00000010   Code   RO          869    .emb_text           sys.o
    0x080001ac   0x000001c0   Code   RO            3    .text               main.o
    0x0800036c   0x0000001a   Code   RO          219    .text               stm32f4xx_it.o
    0x08000386   0x00000002   PAD
    0x08000388   0x00000150   Code   RO          268    .text               system_stm32f4xx.o
    0x080004d8   0x0000024c   Code   RO          336    .text               init_xiaojia.o
    0x08000724   0x0000019e   Code   RO          362    .text               ringbuffer.o
    0x080008c2   0x00000002   PAD
    0x080008c4   0x00000040   Code   RO          415    .text               led.o
    0x08000904   0x00001cbc   Code   RO          718    .text               sdio_sdcard.o
    0x080025c0   0x000000c4   Code   RO          767    .text               dma.o
    0x08002684   0x000000d2   Code   RO          794    .text               rtc.o
    0x08002756   0x00000002   PAD
    0x08002758   0x0000010c   Code   RO          817    .text               timer.o
    0x08002864   0x000000bc   Code   RO          841    .text               delay.o
    0x08002920   0x0000001c   Code   RO          888    .text               usart.o
    0x0800293c   0x00000024   Code   RO          929    .text               startup_stm32f40_41xxx.o
    0x08002960   0x000000ac   Code   RO          935    .text               misc.o
    0x08002a0c   0x000000de   Code   RO          968    .text               stm32f4xx_gpio.o
    0x08002aea   0x00000002   PAD
    0x08002aec   0x000000bc   Code   RO         1179    .text               stm32f4xx_sdio.o
    0x08002ba8   0x00000224   Code   RO         1338    .text               stm32f4xx_rcc.o
    0x08002dcc   0x00000110   Code   RO         1679    .text               stm32f4xx_usart.o
    0x08002edc   0x00000294   Code   RO         1848    .text               stm32f4xx_dma.o
    0x08003170   0x000001f8   Code   RO         1929    .text               stm32f4xx_tim.o
    0x08003368   0x0000000c   Code   RO         2673    .text               stm32f4xx_pwr.o
    0x08003374   0x000003ac   Code   RO         2794    .text               stm32f4xx_rtc.o
    0x08003720   0x000001cc   Code   RO         3085    .text               malloc.o
    0x080038ec   0x00000178   Code   RO         3128    .text               diskio.o
    0x08003a64   0x0000369c   Code   RO         3154    .text               ff.o
    0x08007100   0x00000084   Code   RO         3276    .text               exfuns.o
    0x08007184   0x00000038   Code   RO         3325    .text               cc936.o
    0x080071bc   0x000000d8   Code   RO         3344    .text               ffunicode.o
    0x08007294   0x00000062   Code   RO         3361    .text               mc_w.l(uldiv.o)
    0x080072f6   0x00000062   Code   RO         3363    .text               mc_w.l(ldiv.o)
    0x08007358   0x00000024   Code   RO         3365    .text               mc_w.l(memcpya.o)
    0x0800737c   0x0000001a   Code   RO         3634    .text               mc_w.l(atoi.o)
    0x08007396   0x0000001e   Code   RO         3658    .text               mc_w.l(llshl.o)
    0x080073b4   0x00000020   Code   RO         3660    .text               mc_w.l(llushr.o)
    0x080073d4   0x00000070   Code   RO         3669    .text               mc_w.l(strtol.o)
    0x08007444   0x00000024   Code   RO         3682    .text               mc_w.l(init.o)
    0x08007468   0x00000008   Code   RO         3686    .text               mc_w.l(ctype_o.o)
    0x08007470   0x0000009e   Code   RO         3714    .text               mc_w.l(_strtoul.o)
    0x0800750e   0x0000001c   Code   RO         3716    .text               mc_w.l(_chval.o)
    0x0800752a   0x00000002   PAD
    0x0800752c   0x00000020   Code   RO         3506    i.__0printf$5       mc_w.l(printf5.o)
    0x0800754c   0x00000028   Code   RO         3508    i.__0sprintf$5      mc_w.l(printf5.o)
    0x08007574   0x00000008   Code   RO         3662    i.__aeabi_errno_addr  mc_w.l(errno.o)
    0x0800757c   0x0000000e   Code   RO         3720    i.__scatterload_copy  mc_w.l(handlers.o)
    0x0800758a   0x00000002   Code   RO         3721    i.__scatterload_null  mc_w.l(handlers.o)
    0x0800758c   0x0000000e   Code   RO         3722    i.__scatterload_zeroinit  mc_w.l(handlers.o)
    0x0800759a   0x00000002   PAD
    0x0800759c   0x000002c0   Code   RO         3513    i._printf_core      mc_w.l(printf5.o)
    0x0800785c   0x0000000a   Code   RO         3515    i._sputc            mc_w.l(printf5.o)
    0x08007866   0x00000002   PAD
    0x08007868   0x00000024   Data   RO         3092    .constdata          malloc.o
    0x0800788c   0x00000044   Data   RO         3171    .constdata          ff.o
    0x080078d0   0x0002acc8   Data   RO         3326    .constdata          cc936.o
    0x08032598   0x0002a908   Data   RO         3345    .constdata          ffunicode.o
    0x0805cea0   0x00000081   Data   RO         3687    .constdata          mc_w.l(ctype_o.o)
    0x0805cf21   0x00000003   PAD
    0x0805cf24   0x00000004   Data   RO         3688    .constdata          mc_w.l(ctype_o.o)
    0x0805cf28   0x00000020   Data   RO         3718    Region$$Table       anon$$obj.o


    Execution Region RW_IRAM1 (Base: 0x20000000, Size: 0x0001d480, Max: 0x00020000, ABSOLUTE)

    Base Addr    Size         Type   Attr      Idx    E Section Name        Object

    0x20000000   0x00000027   Data   RW            5    .data               main.o
    0x20000027   0x00000001   PAD
    0x20000028   0x0000001a   Data   RW          338    .data               init_xiaojia.o
    0x20000042   0x00000002   PAD
    0x20000044   0x00000010   Data   RW          723    .data               sdio_sdcard.o
    0x20000054   0x00000001   Data   RW          768    .data               dma.o
    0x20000055   0x00000001   PAD
    0x20000056   0x00000004   Data   RW          843    .data               delay.o
    0x2000005a   0x00000002   PAD
    0x2000005c   0x0000000c   Data   RW          890    .data               usart.o
    0x20000068   0x00000010   Data   RW         1381    .data               stm32f4xx_rcc.o
    0x20000078   0x00000024   Data   RW         3093    .data               malloc.o
    0x2000009c   0x00000006   Data   RW         3172    .data               ff.o
    0x200000a2   0x00000002   PAD
    0x200000a4   0x00000018   Data   RW         3283    .data               exfuns.o
    0x200000bc   0x00000004   Data   RW         3665    .data               mc_w.l(errno.o)
    0x200000c0   0x000013e8   Zero   RW          337    .bss                init_xiaojia.o
    0x200014a8   0x000002c0   Zero   RW          722    .bss                sdio_sdcard.o
    0x20001768   0x0000100c   Zero   RW          889    .bss                usart.o
    0x20002774   0x0000000c   PAD
    0x20002780   0x0001a900   Zero   RW         3091    .bss                malloc.o
    0x2001d080   0x00000400   Zero   RW          926    STACK               startup_stm32f40_41xxx.o



  Load Region LR$$.ARM.__AT_0x10000000 (Base: 0x10000000, Size: 0x00000000, Max: 0x0000f000, ABSOLUTE)

    Execution Region ER$$.ARM.__AT_0x10000000 (Base: 0x10000000, Size: 0x0000f000, Max: 0x0000f000, ABSOLUTE, UNINIT)

    Base Addr    Size         Type   Attr      Idx    E Section Name        Object

    0x10000000   0x0000f000   Zero   RW         3087    .ARM.__AT_0x10000000  malloc.o



  Load Region LR$$.ARM.__AT_0x1000F000 (Base: 0x1000f000, Size: 0x00000000, Max: 0x00000f00, ABSOLUTE)

    Execution Region ER$$.ARM.__AT_0x1000F000 (Base: 0x1000f000, Size: 0x00000f00, Max: 0x00000f00, ABSOLUTE, UNINIT)

    Base Addr    Size         Type   Attr      Idx    E Section Name        Object

    0x1000f000   0x00000f00   Zero   RW         3088    .ARM.__AT_0x1000F000  malloc.o



  Load Region LR$$.ARM.__AT_0x68000000 (Base: 0x68000000, Size: 0x00000000, Max: 0x000f0000, ABSOLUTE)

    Execution Region ER$$.ARM.__AT_0x68000000 (Base: 0x68000000, Size: 0x000f0000, Max: 0x000f0000, ABSOLUTE, UNINIT)

    Base Addr    Size         Type   Attr      Idx    E Section Name        Object

    0x68000000   0x000f0000   Zero   RW         3089    .ARM.__AT_0x68000000  malloc.o



  Load Region LR$$.ARM.__AT_0x680F0000 (Base: 0x680f0000, Size: 0x00000000, Max: 0x0000f000, ABSOLUTE)

    Execution Region ER$$.ARM.__AT_0x680F0000 (Base: 0x680f0000, Size: 0x0000f000, Max: 0x0000f000, ABSOLUTE, UNINIT)

    Base Addr    Size         Type   Attr      Idx    E Section Name        Object

    0x680f0000   0x0000f000   Zero   RW         3090    .ARM.__AT_0x680F0000  malloc.o


==============================================================================

Image component sizes


      Code (inc. data)   RO Data    RW Data    ZI Data      Debug   Object Name

        56         10     175304          0          0       1290   cc936.o
       188          8          0          4          0       1324   delay.o
       376          4          0          0          0       3981   diskio.o
       196         24          0          1          0       2538   dma.o
       132         18          0         24          0       1658   exfuns.o
     13980         96         68          6          0      54228   ff.o
       216          8     174344          0          0       1756   ffunicode.o
       588         98          0         26       5096       3208   init_xiaojia.o
        64          4          0          0          0        555   led.o
       448        108          0         39          0     326295   main.o
       460         16         36         36    1218560       4390   malloc.o
       172         16          0          0          0       1489   misc.o
       414          0          0          0          0       3748   ringbuffer.o
       210          0          0          0          0       1396   rtc.o
      7356        276          0         16        704      24391   sdio_sdcard.o
        36          8        392          0       1024        860   startup_stm32f40_41xxx.o
       660         28          0          0          0       3996   stm32f4xx_dma.o
       222          0          0          0          0       1849   stm32f4xx_gpio.o
        26          0          0          0          0       1254   stm32f4xx_it.o
        12          6          0          0          0        554   stm32f4xx_pwr.o
       548         24          0         16          0       4731   stm32f4xx_rcc.o
       940         14          0          0          0       4696   stm32f4xx_rtc.o
       188          6          0          0          0       3709   stm32f4xx_sdio.o
       504         28          0          0          0       3786   stm32f4xx_tim.o
       272          8          0          0          0       2300   stm32f4xx_usart.o
        16          0          0          0          0        520   sys.o
       336         28          0          0          0       1169   system_stm32f4xx.o
       268         20          0          0          0       3352   timer.o
        28          6          0         12       4108       2788   usart.o

    ----------------------------------------------------------------------
     28920        862     350176        188    1229504     467811   Object Totals
         0          0         32          0          0          0   (incl. Generated)
         8          0          0          8         12          0   (incl. Padding)

    ----------------------------------------------------------------------

      Code (inc. data)   RO Data    RW Data    ZI Data      Debug   Library Member Name

        28          0          0          0          0         68   _chval.o
       158          0          0          0          0         92   _strtoul.o
        26          0          0          0          0         80   atoi.o
         8          4        133          0          0         68   ctype_o.o
         0          0          0          0          0          0   entry.o
         0          0          0          0          0          0   entry10a.o
         0          0          0          0          0          0   entry11a.o
         8          4          0          0          0          0   entry2.o
         4          0          0          0          0          0   entry5.o
         0          0          0          0          0          0   entry7b.o
         0          0          0          0          0          0   entry8b.o
         8          4          0          0          0          0   entry9a.o
         8          4          0          4          0         68   errno.o
        30          0          0          0          0          0   handlers.o
        36          8          0          0          0         68   init.o
        98          0          0          0          0         84   ldiv.o
        30          0          0          0          0         68   llshl.o
        32          0          0          0          0         68   llushr.o
        36          0          0          0          0         68   memcpya.o
       786         62          0          0          0        336   printf5.o
       112          0          0          0          0         88   strtol.o
        98          0          0          0          0         92   uldiv.o

    ----------------------------------------------------------------------
      1512         86        136          4          0       1248   Library Totals
         6          0          3          0          0          0   (incl. Padding)

    ----------------------------------------------------------------------

      Code (inc. data)   RO Data    RW Data    ZI Data      Debug   Library Name

      1506         86        133          4          0       1248   mc_w.l

    ----------------------------------------------------------------------
      1512         86        136          4          0       1248   Library Totals

    ----------------------------------------------------------------------

==============================================================================


      Code (inc. data)   RO Data    RW Data    ZI Data      Debug   

     30432        948     350312        192    1229504     464191   Grand Totals
     30432        948     350312        192    1229504     464191   ELF Image Totals
     30432        948     350312        192          0          0   ROM Totals

==============================================================================

    Total RO  Size (Code + RO Data)               380744 ( 371.82kB)
    Total RW  Size (RW Data + ZI Data)           1229696 (1200.88kB)
    Total ROM Size (Code + RO Data + RW Data)     380936 ( 372.01kB)

==============================================================================

