<html>
<body>
<pre>
<h1>µVision Build Log</h1>
<h2>Tool Versions:</h2>
IDE-Version: ¦ÌVision V5.14.0.0
Copyright (C) 2015 ARM Ltd and ARM Germany GmbH. All rights reserved.
License Information: JHY Microsoft, Microsoft, LIC=14HGK-Z1YZ6-9GY70-BEM4V-1DVAY-JCKVM
 
Tool Versions:
Toolchain:       MDK-ARM Standard  Version: 5.14.0.0
Toolchain Path:  D:\Keil_v5\ARM\ARMCC\Bin
C Compiler:      Armcc.exe V5.05 update 1 (build 106)
Assembler:       Armasm.exe V5.05 update 1 (build 106)
Linker/Locator:  ArmLink.exe V5.05 update 1 (build 106)
Library Manager: ArmAr.exe V5.05 update 1 (build 106)
Hex Converter:   FromElf.exe V5.05 update 1 (build 106)
CPU DLL:         SARMCM3.DLL V5.14.0.0
Dialog DLL:      DCM.DLL V1.13.1.0
Target DLL:      STLink\ST-LINKIII-KEIL_SWO.dll V2.0.14.0_KEIL
Dialog DLL:      TCM.DLL V1.14.4.0
 
<h2>Project:</h2>
E:\MCU\PROJECT DATA LOGGER\SOFTWARE\DATA LOGGER\DATA LOGGER\DATA LOGGER\USER\FATFS.uvprojx
Project File Date:  12/13/2018

<h2>Output:</h2>
Build target 'FATFS'
Clean started - Project: 'FATFS'
   deleting intermediate output files for target 'FATFS'
compiling main.c...
..\HARDWARE\RingBuffer\RingQueue.h(9): warning:  #1295-D: Deprecated declaration MyRingBuff_init - give arg types
  void MyRingBuff_init();
..\HARDWARE\RingBuffer\RingQueue.h(18): warning:  #1-D: last line of file ends without a newline
  #endif
main.c(69): warning:  #188-D: enumerated type mixed with another type
        FRESULT res=0;  
main.c(66): warning:  #177-D: variable "i" was declared but never referenced
        UINT i;
main.c(69): warning:  #177-D: variable "res" was declared but never referenced
        FRESULT res=0;  
main.c(109): warning:  #188-D: enumerated type mixed with another type
        FRESULT res=0;  
main.c(109): warning:  #550-D: variable "res" was set but never used
        FRESULT res=0;  
main.c(134): warning:  #177-D: variable "read_boud" was declared but never referenced
        u32 read_boud;
main.c(136): warning:  #550-D: variable "sta" was set but never used
        ErrorStatus sta;
main.c(193): warning:  #1-D: last line of file ends without a newline
   }
main.c: 10 warnings, 0 errors
compiling stm32f4xx_it.c...
compiling system_stm32f4xx.c...
compiling doubleRingBuffer_xiaojia.c...
..\HARDWARE\RingBuffer\RingQueue.h(9): warning:  #1295-D: Deprecated declaration MyRingBuff_init - give arg types
  void MyRingBuff_init();
..\HARDWARE\RingBuffer\RingQueue.h(18): warning:  #1-D: last line of file ends without a newline
  #endif
doubleRingBuffer_xiaojia.c(75): warning:  #1-D: last line of file ends without a newline
  }
doubleRingBuffer_xiaojia.c(75): warning:  #940-D: missing return statement at end of non-void function "readdata_RingBuff"
  }
doubleRingBuffer_xiaojia.c: 4 warnings, 0 errors
compiling init_xiaojia.c...
..\HARDWARE\RingBuffer\RingQueue.h(9): warning:  #1295-D: Deprecated declaration MyRingBuff_init - give arg types
  void MyRingBuff_init();
..\HARDWARE\RingBuffer\RingQueue.h(18): warning:  #1-D: last line of file ends without a newline
  #endif
init_xiaojia.c(40): warning:  #177-D: variable "RxBuffer" was declared but never referenced
  static unsigned char RxBuffer[RX_BUF_MAX_SIZE];
init_xiaojia.c: 3 warnings, 0 errors
compiling ringbuffer.c...
compiling led.c...
compiling lcd.c...
compiling key.c...
compiling spi.c...
compiling w25qxx.c...
compiling sdio_sdcard.c...
compiling dma.c...
compiling rtc.c...
compiling timer.c...
compiling delay.c...
compiling sys.c...
compiling usart.c...
..\HARDWARE\RingBuffer\RingQueue.h(9): warning:  #1295-D: Deprecated declaration MyRingBuff_init - give arg types
  void MyRingBuff_init();
..\HARDWARE\RingBuffer\RingQueue.h(18): warning:  #1-D: last line of file ends without a newline
  #endif
..\SYSTEM\USART\usart.c: 2 warnings, 0 errors
assembling startup_stm32f40_41xxx.s...
compiling misc.c...
compiling stm32f4xx_gpio.c...
compiling stm32f4xx_fsmc.c...
compiling stm32f4xx_sdio.c...
compiling stm32f4xx_rcc.c...
compiling stm32f4xx_syscfg.c...
compiling stm32f4xx_usart.c...
compiling stm32f4xx_dma.c...
compiling stm32f4xx_tim.c...
compiling stm32f4xx_spi.c...
compiling stm32f4xx_exti.c...
compiling stm32f4xx_pwr.c...
compiling stm32f4xx_rtc.c...
compiling malloc.c...
compiling diskio.c...
compiling ff.c...
..\FATFS\src\ff.c(1660): warning:  #1293-D: assignment in condition
        for (szb = ((DWORD)fs->csize * SS(fs) >= MAX_MALLOC) ? MAX_MALLOC : fs->csize * SS(fs); szb > SS(fs) && !(ibuf = ff_memalloc(szb)); szb /= 2) ;
..\FATFS\src\ff.c(3943): warning:  #111-D: statement is unreachable
  return res;//
..\FATFS\src\ff.c(5551): warning:  #1293-D: assignment in condition
                for (szb_buf = MAX_MALLOC, buf = 0; szb_buf >= ss && !(buf = ff_memalloc(szb_buf)); szb_buf /= 2) ;
..\FATFS\src\ff.c: 3 warnings, 0 errors
compiling exfuns.c...
compiling cc936.c...
compiling ffunicode.c...
linking...
Program Size: Code=47540 RO-data=350492 RW-data=212 ZI-data=1229516  
"..\OBJ\FATFS.axf" - 0 Error(s), 22 Warning(s).

*** Performing Cross-Module-Optimization:
compiling main.c...
..\HARDWARE\RingBuffer\RingQueue.h(9): warning:  #1295-D: Deprecated declaration MyRingBuff_init - give arg types
  void MyRingBuff_init();
..\HARDWARE\RingBuffer\RingQueue.h(18): warning:  #1-D: last line of file ends without a newline
  #endif
main.c(69): warning:  #188-D: enumerated type mixed with another type
        FRESULT res=0;  
main.c(66): warning:  #177-D: variable "i" was declared but never referenced
        UINT i;
main.c(69): warning:  #177-D: variable "res" was declared but never referenced
        FRESULT res=0;  
main.c(109): warning:  #188-D: enumerated type mixed with another type
        FRESULT res=0;  
main.c(109): warning:  #550-D: variable "res" was set but never used
        FRESULT res=0;  
main.c(134): warning:  #177-D: variable "read_boud" was declared but never referenced
        u32 read_boud;
main.c(136): warning:  #550-D: variable "sta" was set but never used
        ErrorStatus sta;
main.c(193): warning:  #1-D: last line of file ends without a newline
   }
main.c: 10 warnings, 0 errors
compiling stm32f4xx_it.c...
compiling system_stm32f4xx.c...
compiling doubleRingBuffer_xiaojia.c...
..\HARDWARE\RingBuffer\RingQueue.h(9): warning:  #1295-D: Deprecated declaration MyRingBuff_init - give arg types
  void MyRingBuff_init();
..\HARDWARE\RingBuffer\RingQueue.h(18): warning:  #1-D: last line of file ends without a newline
  #endif
doubleRingBuffer_xiaojia.c(75): warning:  #1-D: last line of file ends without a newline
  }
doubleRingBuffer_xiaojia.c(75): warning:  #940-D: missing return statement at end of non-void function "readdata_RingBuff"
  }
doubleRingBuffer_xiaojia.c: 4 warnings, 0 errors
compiling init_xiaojia.c...
..\HARDWARE\RingBuffer\RingQueue.h(9): warning:  #1295-D: Deprecated declaration MyRingBuff_init - give arg types
  void MyRingBuff_init();
..\HARDWARE\RingBuffer\RingQueue.h(18): warning:  #1-D: last line of file ends without a newline
  #endif
init_xiaojia.c(40): warning:  #177-D: variable "RxBuffer" was declared but never referenced
  static unsigned char RxBuffer[RX_BUF_MAX_SIZE];
init_xiaojia.c: 3 warnings, 0 errors
compiling ringbuffer.c...
compiling led.c...
compiling lcd.c...
compiling key.c...
compiling spi.c...
compiling sdio_sdcard.c...
compiling dma.c...
compiling rtc.c...
compiling timer.c...
compiling delay.c...
compiling sys.c...
compiling usart.c...
..\HARDWARE\RingBuffer\RingQueue.h(9): warning:  #1295-D: Deprecated declaration MyRingBuff_init - give arg types
  void MyRingBuff_init();
..\HARDWARE\RingBuffer\RingQueue.h(18): warning:  #1-D: last line of file ends without a newline
  #endif
..\SYSTEM\USART\usart.c: 2 warnings, 0 errors
compiling misc.c...
compiling stm32f4xx_gpio.c...
compiling stm32f4xx_fsmc.c...
compiling stm32f4xx_sdio.c...
compiling stm32f4xx_rcc.c...
compiling stm32f4xx_syscfg.c...
compiling stm32f4xx_usart.c...
compiling stm32f4xx_dma.c...
compiling stm32f4xx_tim.c...
compiling stm32f4xx_spi.c...
compiling stm32f4xx_exti.c...
compiling stm32f4xx_pwr.c...
compiling stm32f4xx_rtc.c...
compiling malloc.c...
compiling diskio.c...
compiling ff.c...
..\FATFS\src\ff.c(1660): warning:  #1293-D: assignment in condition
        for (szb = ((DWORD)fs->csize * SS(fs) >= MAX_MALLOC) ? MAX_MALLOC : fs->csize * SS(fs); szb > SS(fs) && !(ibuf = ff_memalloc(szb)); szb /= 2) ;
..\FATFS\src\ff.c(3943): warning:  #111-D: statement is unreachable
  return res;//
..\FATFS\src\ff.c(5551): warning:  #1293-D: assignment in condition
                for (szb_buf = MAX_MALLOC, buf = 0; szb_buf >= ss && !(buf = ff_memalloc(szb_buf)); szb_buf /= 2) ;
..\FATFS\src\ff.c: 3 warnings, 0 errors
compiling exfuns.c...
compiling cc936.c...
linking...
Program Size: Code=30432 RO-data=350312 RW-data=192 ZI-data=1229504  
compiling main.c...
..\HARDWARE\RingBuffer\RingQueue.h(9): warning:  #1295-D: Deprecated declaration MyRingBuff_init - give arg types
  void MyRingBuff_init();
..\HARDWARE\RingBuffer\RingQueue.h(18): warning:  #1-D: last line of file ends without a newline
  #endif
main.c(69): warning:  #188-D: enumerated type mixed with another type
        FRESULT res=0;  
main.c(66): warning:  #177-D: variable "i" was declared but never referenced
        UINT i;
main.c(69): warning:  #177-D: variable "res" was declared but never referenced
        FRESULT res=0;  
main.c(109): warning:  #188-D: enumerated type mixed with another type
        FRESULT res=0;  
main.c(109): warning:  #550-D: variable "res" was set but never used
        FRESULT res=0;  
main.c(134): warning:  #177-D: variable "read_boud" was declared but never referenced
        u32 read_boud;
main.c(136): warning:  #550-D: variable "sta" was set but never used
        ErrorStatus sta;
main.c(193): warning:  #1-D: last line of file ends without a newline
   }
main.c: 10 warnings, 0 errors
compiling stm32f4xx_it.c...
compiling system_stm32f4xx.c...
compiling doubleRingBuffer_xiaojia.c...
..\HARDWARE\RingBuffer\RingQueue.h(9): warning:  #1295-D: Deprecated declaration MyRingBuff_init - give arg types
  void MyRingBuff_init();
..\HARDWARE\RingBuffer\RingQueue.h(18): warning:  #1-D: last line of file ends without a newline
  #endif
doubleRingBuffer_xiaojia.c(75): warning:  #1-D: last line of file ends without a newline
  }
doubleRingBuffer_xiaojia.c(75): warning:  #940-D: missing return statement at end of non-void function "readdata_RingBuff"
  }
doubleRingBuffer_xiaojia.c: 4 warnings, 0 errors
compiling init_xiaojia.c...
..\HARDWARE\RingBuffer\RingQueue.h(9): warning:  #1295-D: Deprecated declaration MyRingBuff_init - give arg types
  void MyRingBuff_init();
..\HARDWARE\RingBuffer\RingQueue.h(18): warning:  #1-D: last line of file ends without a newline
  #endif
init_xiaojia.c(40): warning:  #177-D: variable "RxBuffer" was declared but never referenced
  static unsigned char RxBuffer[RX_BUF_MAX_SIZE];
init_xiaojia.c: 3 warnings, 0 errors
compiling ringbuffer.c...
compiling led.c...
compiling lcd.c...
compiling key.c...
compiling spi.c...
compiling sdio_sdcard.c...
compiling dma.c...
compiling rtc.c...
compiling timer.c...
compiling delay.c...
compiling sys.c...
compiling usart.c...
..\HARDWARE\RingBuffer\RingQueue.h(9): warning:  #1295-D: Deprecated declaration MyRingBuff_init - give arg types
  void MyRingBuff_init();
..\HARDWARE\RingBuffer\RingQueue.h(18): warning:  #1-D: last line of file ends without a newline
  #endif
..\SYSTEM\USART\usart.c: 2 warnings, 0 errors
compiling misc.c...
compiling stm32f4xx_gpio.c...
compiling stm32f4xx_fsmc.c...
compiling stm32f4xx_sdio.c...
compiling stm32f4xx_rcc.c...
compiling stm32f4xx_syscfg.c...
compiling stm32f4xx_usart.c...
compiling stm32f4xx_dma.c...
compiling stm32f4xx_tim.c...
compiling stm32f4xx_spi.c...
compiling stm32f4xx_exti.c...
compiling stm32f4xx_pwr.c...
compiling stm32f4xx_rtc.c...
compiling malloc.c...
compiling diskio.c...
compiling ff.c...
..\FATFS\src\ff.c(1660): warning:  #1293-D: assignment in condition
        for (szb = ((DWORD)fs->csize * SS(fs) >= MAX_MALLOC) ? MAX_MALLOC : fs->csize * SS(fs); szb > SS(fs) && !(ibuf = ff_memalloc(szb)); szb /= 2) ;
..\FATFS\src\ff.c(3943): warning:  #111-D: statement is unreachable
  return res;//
..\FATFS\src\ff.c(5551): warning:  #1293-D: assignment in condition
                for (szb_buf = MAX_MALLOC, buf = 0; szb_buf >= ss && !(buf = ff_memalloc(szb_buf)); szb_buf /= 2) ;
..\FATFS\src\ff.c: 3 warnings, 0 errors
compiling exfuns.c...
compiling cc936.c...
linking...
Program Size: Code=30432 RO-data=350312 RW-data=192 ZI-data=1229504  
FromELF: creating hex file...
"..\OBJ\FATFS.axf" - 0 Error(s), 22 Warning(s).
*** Completed Cross-Module-Optimization after 3 iteration(s).

<h2>Collection of Component include folders:</h2>
  E:\MCU\PROJECT DATA LOGGER\SOFTWARE\DATA LOGGER\DATA LOGGER\DATA LOGGER\USER\RTE
  D:\Keil_v5\ARM\PACK\Keil\STM32F4xx_DFP\2.13.0

<h2>Collection of Component Files used:</h2>
</pre>
</body>
</html>
