<html>
<body>
<pre>
<h1>礦ision Build Log</h1>
<h2>Tool Versions:</h2>
IDE-Version: μVision V5.14.0.0
Copyright (C) 2015 ARM Ltd and ARM Germany GmbH. All rights reserved.
License Information: jia honngyun, xf, LIC=LSNX7-E7XYK-127LE-5LJIN-6NJ0K-PFAB4
 
Tool Versions:
Toolchain:       MDK-ARM Standard  Version: 5.14.0.0
Toolchain Path:  D:\Keil_v5\ARM\ARMCC\Bin
C Compiler:      Armcc.exe V5.05 update 1 (build 106)
Assembler:       Armasm.exe V5.05 update 1 (build 106)
Linker/Locator:  ArmLink.exe V5.05 update 1 (build 106)
Library Manager: ArmAr.exe V5.05 update 1 (build 106)
Hex Converter:   FromElf.exe V5.05 update 1 (build 106)
CPU DLL:         SARMCM3.DLL V5.14.0.0
Dialog DLL:      DCM.DLL V1.13.1.0
Target DLL:      Segger\JL2CM3.dll V2.99.13.0
Dialog DLL:      TCM.DLL V1.14.4.0
 
<h2>Project:</h2>
D:\小贾\选妃工作\2，标准例程-库函数版本\2，标准例程-库函数版本\实验4 串口实验\USER\USART.uvprojx
Project File Date:  01/22/2019

<h2>Output:</h2>
Rebuild target 'USART'
compiling main.c...
compiling stm32f4xx_it.c...
compiling system_stm32f4xx.c...
compiling highpower.c...
highpower.c(45): warning:  #177-D: variable "free_power" was declared but never referenced
  u16 free_power;
highpower.c(80): warning:  #940-D: missing return statement at end of non-void function "find_datapackhead"
  }
highpower.c: 2 warnings, 0 errors
compiling led.c...
compiling beep.c...
compiling key.c...
compiling delay.c...
compiling sys.c...
compiling usart.c...
..\SYSTEM\usart\usart.c(123): warning:  #177-D: variable "Res" was declared but never referenced
        u8 Res;
..\SYSTEM\usart\usart.c: 1 warning, 0 errors
assembling startup_stm32f40_41xxx.s...
compiling misc.c...
compiling stm32f4xx_gpio.c...
compiling stm32f4xx_rcc.c...
compiling stm32f4xx_syscfg.c...
compiling stm32f4xx_usart.c...
linking...
Program Size: Code=7116 RO-data=600 RW-data=32 ZI-data=2400  
FromELF: creating hex file...
"..\OBJ\USART.axf" - 0 Error(s), 3 Warning(s).

<h2>Collection of Component include folders:</h2>
  D:\小贾\选妃工作\2，标准例程-库函数版本\2，标准例程-库函数版本\实验4 串口实验\USER\RTE
  D:\Keil_v5\ARM\PACK\Keil\STM32F4xx_DFP\2.13.0

<h2>Collection of Component Files used:</h2>
</pre>
</body>
</html>
